##########################################
# (1) LINK INFORMATION                   #
##########################################
c:\program files (x86)\renesas\hew\tools\renesas\nc30wa\v543r00\bin\ln30.exe @C:\Users\Miguel\Documents\Renesas_Workspace\NG2S901_As1_Menu\NG2S901_As1_Menu\Debug\NG2S901_As1_Menu.m16cl

# LINK FILE INFORMATION
ncrt0_rsk (C:\Users\Miguel\Documents\Renesas_Workspace\NG2S901_As1_Menu\NG2S901_As1_Menu\Debug\ncrt0_rsk.r30)
	Jan 31 22:39:29 2016

FONT (C:\Users\Miguel\Documents\Renesas_Workspace\NG2S901_As1_Menu\NG2S901_As1_Menu\Debug\FONT.r30)
	Jan 31 22:39:25 2016

GLCD (C:\Users\Miguel\Documents\Renesas_Workspace\NG2S901_As1_Menu\NG2S901_As1_Menu\Debug\GLCD.r30)
	Jan 31 22:39:26 2016

hwsetup (C:\Users\Miguel\Documents\Renesas_Workspace\NG2S901_As1_Menu\NG2S901_As1_Menu\Debug\hwsetup.r30)
	Jan 31 22:39:26 2016

ISR_DEFs (C:\Users\Miguel\Documents\Renesas_Workspace\NG2S901_As1_Menu\NG2S901_As1_Menu\Debug\ISR_DEFs.r30)
	Jan 31 22:39:26 2016

keyscan_4x4 (C:\Users\Miguel\Documents\Renesas_Workspace\NG2S901_As1_Menu\NG2S901_As1_Menu\Debug\keyscan_4x4.r30)
	Jan 31 22:39:26 2016

main (C:\Users\Miguel\Documents\Renesas_Workspace\NG2S901_As1_Menu\NG2S901_As1_Menu\Debug\main.r30)
	Jan 31 22:39:28 2016

7segment (C:\Users\Miguel\Documents\Renesas_Workspace\NG2S901_As1_Menu\NG2S901_As1_Menu\Debug\7segment.r30)
	Jan 31 22:39:25 2016

extra_program (C:\Users\Miguel\Documents\Renesas_Workspace\NG2S901_As1_Menu\NG2S901_As1_Menu\Debug\extra_program.r30)
	Jan 31 22:39:28 2016

led (C:\Users\Miguel\Documents\Renesas_Workspace\NG2S901_As1_Menu\NG2S901_As1_Menu\Debug\led.r30)
	Jan 31 22:39:27 2016

motor (C:\Users\Miguel\Documents\Renesas_Workspace\NG2S901_As1_Menu\NG2S901_As1_Menu\Debug\motor.r30)
	Jan 31 22:39:27 2016

motor_sound (C:\Users\Miguel\Documents\Renesas_Workspace\NG2S901_As1_Menu\NG2S901_As1_Menu\Debug\motor_sound.r30)
	Jan 31 22:39:27 2016

print (C:\Users\Miguel\Documents\Renesas_Workspace\NG2S901_As1_Menu\NG2S901_As1_Menu\Debug\print.r30)
	Jan 31 22:39:28 2016

programs (C:\Users\Miguel\Documents\Renesas_Workspace\NG2S901_As1_Menu\NG2S901_As1_Menu\Debug\programs.r30)
	Jan 31 22:39:29 2016

timer (C:\Users\Miguel\Documents\Renesas_Workspace\NG2S901_As1_Menu\NG2S901_As1_Menu\Debug\timer.r30)
	Jan 31 22:39:27 2016

uart (C:\Users\Miguel\Documents\Renesas_Workspace\NG2S901_As1_Menu\NG2S901_As1_Menu\Debug\uart.r30)
	Jan 31 22:39:28 2016

_f4tof8 (c:\program files (x86)\renesas\hew\tools\renesas\nc30wa\v543r00\lib30\nc30lib.lib)
	Feb 15 20:19:32 2007

_f4toi4u (c:\program files (x86)\renesas\hew\tools\renesas\nc30wa\v543r00\lib30\nc30lib.lib)
	Feb 15 20:19:32 2007

_f8add (c:\program files (x86)\renesas\hew\tools\renesas\nc30wa\v543r00\lib30\nc30lib.lib)
	Feb 15 20:19:33 2007

_f8ltor (c:\program files (x86)\renesas\hew\tools\renesas\nc30wa\v543r00\lib30\nc30lib.lib)
	Feb 15 20:19:34 2007

_f8mul (c:\program files (x86)\renesas\hew\tools\renesas\nc30wa\v543r00\lib30\nc30lib.lib)
	Feb 15 20:19:34 2007

_f8toi4u (c:\program files (x86)\renesas\hew\tools\renesas\nc30wa\v543r00\lib30\nc30lib.lib)
	Feb 15 20:19:36 2007

_ftol (c:\program files (x86)\renesas\hew\tools\renesas\nc30wa\v543r00\lib30\nc30lib.lib)
	Feb 15 20:19:36 2007

_i4div (c:\program files (x86)\renesas\hew\tools\renesas\nc30wa\v543r00\lib30\nc30lib.lib)
	Feb 15 20:19:36 2007

_i4divu (c:\program files (x86)\renesas\hew\tools\renesas\nc30wa\v543r00\lib30\nc30lib.lib)
	Feb 15 20:19:37 2007

_i4modu (c:\program files (x86)\renesas\hew\tools\renesas\nc30wa\v543r00\lib30\nc30lib.lib)
	Feb 15 20:19:37 2007

_i4mulu (c:\program files (x86)\renesas\hew\tools\renesas\nc30wa\v543r00\lib30\nc30lib.lib)
	Feb 15 20:19:37 2007

_i4tof8 (c:\program files (x86)\renesas\hew\tools\renesas\nc30wa\v543r00\lib30\nc30lib.lib)
	Feb 15 20:19:38 2007

_i4utof4 (c:\program files (x86)\renesas\hew\tools\renesas\nc30wa\v543r00\lib30\nc30lib.lib)
	Feb 15 20:19:38 2007

_ltof (c:\program files (x86)\renesas\hew\tools\renesas\nc30wa\v543r00\lib30\nc30lib.lib)
	Feb 15 20:19:40 2007

_mbase (c:\program files (x86)\renesas\hew\tools\renesas\nc30wa\v543r00\lib30\nc30lib.lib)
	Feb 15 20:19:40 2007

bcopy (c:\program files (x86)\renesas\hew\tools\renesas\nc30wa\v543r00\lib30\nc30lib.lib)
	Feb 15 20:19:43 2007

bzero (c:\program files (x86)\renesas\hew\tools\renesas\nc30wa\v543r00\lib30\nc30lib.lib)
	Feb 15 20:19:43 2007

malloc (c:\program files (x86)\renesas\hew\tools\renesas\nc30wa\v543r00\lib30\nc30lib.lib)
	Feb 15 20:19:56 2007

mdata (c:\program files (x86)\renesas\hew\tools\renesas\nc30wa\v543r00\lib30\nc30lib.lib)
	Feb 15 20:19:57 2007

memcpy (c:\program files (x86)\renesas\hew\tools\renesas\nc30wa\v543r00\lib30\nc30lib.lib)
	Feb 15 20:19:58 2007

memset (c:\program files (x86)\renesas\hew\tools\renesas\nc30wa\v543r00\lib30\nc30lib.lib)
	Feb 15 20:19:59 2007

strcmp (c:\program files (x86)\renesas\hew\tools\renesas\nc30wa\v543r00\lib30\nc30lib.lib)
	Feb 15 20:20:16 2007

_strcpy (c:\program files (x86)\renesas\hew\tools\renesas\nc30wa\v543r00\lib30\nc30lib.lib)
	Feb 15 20:20:17 2007

strlen (c:\program files (x86)\renesas\hew\tools\renesas\nc30wa\v543r00\lib30\nc30lib.lib)
	Feb 15 20:20:18 2007

vsprintf (c:\program files (x86)\renesas\hew\tools\renesas\nc30wa\v543r00\lib30\nc30lib.lib)
	Feb 15 20:20:22 2007

_f4muls (c:\program files (x86)\renesas\hew\tools\renesas\nc30wa\v543r00\lib30\nc30lib.lib)
	Feb 15 20:18:05 2007

_f4rets (c:\program files (x86)\renesas\hew\tools\renesas\nc30wa\v543r00\lib30\nc30lib.lib)
	Feb 15 20:18:05 2007

_f4ltor (c:\program files (x86)\renesas\hew\tools\renesas\nc30wa\v543r00\lib30\nc30lib.lib)
	Feb 15 20:19:31 2007

_f4rtol (c:\program files (x86)\renesas\hew\tools\renesas\nc30wa\v543r00\lib30\nc30lib.lib)
	Feb 15 20:19:32 2007

_f8rtol (c:\program files (x86)\renesas\hew\tools\renesas\nc30wa\v543r00\lib30\nc30lib.lib)
	Feb 15 20:19:35 2007

print (c:\program files (x86)\renesas\hew\tools\renesas\nc30wa\v543r00\lib30\nc30lib.lib)
	Feb 15 20:20:12 2007

_f8eq (c:\program files (x86)\renesas\hew\tools\renesas\nc30wa\v543r00\lib30\nc30lib.lib)
	Feb 15 20:19:33 2007

_f8ge (c:\program files (x86)\renesas\hew\tools\renesas\nc30wa\v543r00\lib30\nc30lib.lib)
	Feb 15 20:19:34 2007

_f8lt (c:\program files (x86)\renesas\hew\tools\renesas\nc30wa\v543r00\lib30\nc30lib.lib)
	Feb 15 20:19:34 2007

_f8ne (c:\program files (x86)\renesas\hew\tools\renesas\nc30wa\v543r00\lib30\nc30lib.lib)
	Feb 15 20:19:35 2007

_i8divu (c:\program files (x86)\renesas\hew\tools\renesas\nc30wa\v543r00\lib30\nc30lib.lib)
	Feb 15 20:19:38 2007

_i8modu (c:\program files (x86)\renesas\hew\tools\renesas\nc30wa\v543r00\lib30\nc30lib.lib)
	Feb 15 20:19:38 2007

cdata (c:\program files (x86)\renesas\hew\tools\renesas\nc30wa\v543r00\lib30\nc30lib.lib)
	Feb 15 20:19:44 2007


##########################################
# (2) SECTION INFORMATION                #
##########################################
# SECTION                        ATR TYPE    START  LENGTH ALIGN MODULENAME
data_SE                          ABS DATA    000400 000000       ncrt0_rsk
bss_SE                           REL DATA    000400 000000 2     ncrt0_rsk
data_SO                          REL DATA    000400 000000       ncrt0_rsk
bss_SO                           REL DATA    000400 000000       ncrt0_rsk
data_NE                          REL DATA    000400 000000 2     ncrt0_rsk
                                 REL DATA    000400 000012 2     GLCD
                                 REL DATA    000412 000012 2     keyscan_4x4
                                 REL DATA    000424 000004 2     main
                                 REL DATA    000428 000022 2     7segment
                                 REL DATA    00044A 00000E 2     led
                                 REL DATA    000458 000004 2     programs
                                 REL DATA    00045C 000010 2     mdata
bss_NE                           REL DATA    00046C 000000 2     ncrt0_rsk
                                 REL DATA    00046C 00000C 2     ISR_DEFs
                                 REL DATA    000478 000010 2     keyscan_4x4
                                 REL DATA    000488 000004 2     main
                                 REL DATA    00048C 000004 2     motor_sound
                                 REL DATA    000490 000008 2     programs
                                 REL DATA    000498 000020 2     timer
                                 REL DATA    0004B8 000004 2     uart
                                 REL DATA    0004BC 000004 2     _mbase
                                 REL DATA    0004C0 000008 2     mdata
                                 REL DATA    0004C8 000004 2     vsprintf
                                 REL DATA    0004CC 000108 2     print
data_NO                          REL DATA    0005D4 000000       ncrt0_rsk
                                 REL DATA    0005D4 00054F       FONT
                                 REL DATA    000B23 000001       ISR_DEFs
                                 REL DATA    000B24 000001       led
                                 REL DATA    000B25 000004       programs
bss_NO                           REL DATA    000B29 000000       ncrt0_rsk
                                 REL DATA    000B29 000002       GLCD
                                 REL DATA    000B2B 000015       keyscan_4x4
                                 REL DATA    000B40 000001       extra_program
                                 REL DATA    000B41 00026A       print
stack                            REL DATA    000DAB 000600       ncrt0_rsk
heap                             REL DATA    0013AB 000300       ncrt0_rsk
rom_NE                           REL ROMDATA 0016AC 000000 2     ncrt0_rsk
rom_NO                           REL ROMDATA 0016AC 000000       ncrt0_rsk
data_FE                          ABS DATA    010000 000000       ncrt0_rsk
bss_FE                           REL DATA    010000 000000 2     ncrt0_rsk
data_FO                          REL DATA    010000 000000       ncrt0_rsk
bss_FO                           REL DATA    010000 000000       ncrt0_rsk
rom_FE                           ABS ROMDATA 0F0000 000000       ncrt0_rsk
rom_FO                           REL ROMDATA 0F0000 000000       ncrt0_rsk
                                 REL ROMDATA 0F0000 0000BD       main
                                 REL ROMDATA 0F00BD 0003E3       programs
                                 REL ROMDATA 0F04A0 00000A       print
                                 REL ROMDATA 0F04AA 000101       cdata
data_SEI                         REL ROMDATA 0F05AB 000000       ncrt0_rsk
data_SOI                         REL ROMDATA 0F05AB 000000       ncrt0_rsk
data_NEI                         REL ROMDATA 0F05AB 000000       ncrt0_rsk
                                 REL ROMDATA 0F05AB 000012       GLCD
                                 REL ROMDATA 0F05BD 000012       keyscan_4x4
                                 REL ROMDATA 0F05CF 000004       main
                                 REL ROMDATA 0F05D3 000022       7segment
                                 REL ROMDATA 0F05F5 00000E       led
                                 REL ROMDATA 0F0603 000004       programs
                                 REL ROMDATA 0F0607 000010       mdata
data_NOI                         REL ROMDATA 0F0617 000000       ncrt0_rsk
                                 REL ROMDATA 0F0617 00054F       FONT
                                 REL ROMDATA 0F0B66 000001       ISR_DEFs
                                 REL ROMDATA 0F0B67 000001       led
                                 REL ROMDATA 0F0B68 000004       programs
data_FEI                         REL ROMDATA 0F0B6C 000000       ncrt0_rsk
data_FOI                         REL ROMDATA 0F0B6C 000000       ncrt0_rsk
switch_table                     REL ROMDATA 0F0B6C 000000       ncrt0_rsk
program                          REL CODE    0F0B6C 000000       ncrt0_rsk
                                 REL CODE    0F0B6C 0007D1 2     GLCD
                                 REL CODE    0F133E 0000E3 2     hwsetup
                                 REL CODE    0F1422 00012F 2     ISR_DEFs
                                 REL CODE    0F1552 0001EF 2     keyscan_4x4
                                 REL CODE    0F1742 0009DF 2     main
                                 REL CODE    0F2122 0000A4 2     7segment
                                 REL CODE    0F21C6 000058 2     extra_program
                                 REL CODE    0F221E 000103 2     led
                                 REL CODE    0F2322 000009 2     motor
                                 REL CODE    0F232C 000155 2     motor_sound
                                 REL CODE    0F2482 000198 2     print
                                 REL CODE    0F261A 000B2D 2     programs
                                 REL CODE    0F3148 00038A 2     timer
                                 REL CODE    0F34D2 0001A7 2     uart
                                 REL CODE    0F367A 000086 2     _f4tof8
                                 REL CODE    0F3700 000025 2     _f4toi4u
                                 REL CODE    0F3726 00091B 2     _f8add
                                 REL CODE    0F4042 000054 2     _f8ltor
                                 REL CODE    0F4096 0002C7 2     _f8mul
                                 REL CODE    0F435E 000025 2     _f8toi4u
                                 REL CODE    0F4384 000111 2     _ftol
                                 REL CODE    0F4496 000083 2     _i4div
                                 REL CODE    0F451A 00004D 2     _i4divu
                                 REL CODE    0F4568 00004B 2     _i4modu
                                 REL CODE    0F45B4 00001C 2     _i4mulu
                                 REL CODE    0F45D0 000022 2     _i4tof8
                                 REL CODE    0F45F2 000022 2     _i4utof4
                                 REL CODE    0F4614 0000D4 2     _ltof
                                 REL CODE    0F46E8 000035 2     bcopy
                                 REL CODE    0F471E 000028 2     bzero
                                 REL CODE    0F4746 0001D9 2     malloc
                                 REL CODE    0F4920 00004F 2     memcpy
                                 REL CODE    0F4970 000041 2     memset
                                 REL CODE    0F49B2 000035 2     strcmp
                                 REL CODE    0F49E8 00003C 2     _strcpy
                                 REL CODE    0F4A24 00002B 2     strlen
                                 REL CODE    0F4A50 0000B7 2     vsprintf
                                 REL CODE    0F4B08 0000B0 2     _f4muls
                                 REL CODE    0F4BB8 000032 2     _f4rets
                                 REL CODE    0F4BEA 000046 2     _f4ltor
                                 REL CODE    0F4C30 00003E 2     _f4rtol
                                 REL CODE    0F4C6E 000041 2     _f8rtol
                                 REL CODE    0F4CB0 001979 2     print
                                 REL CODE    0F662A 00007C 2     _f8eq
                                 REL CODE    0F66A6 0000A7 2     _f8ge
                                 REL CODE    0F674E 0000A7 2     _f8lt
                                 REL CODE    0F67F6 00007C 2     _f8ne
                                 REL CODE    0F6872 0000F8 2     _i8divu
                                 REL CODE    0F696A 0000CF 2     _i8modu
interrupt                        REL CODE    0F6A39 000000       ncrt0_rsk
                                 REL CODE    0F6A39 000113       ncrt0_rsk
program_S                        REL CODE    0F6B4C 000000       ncrt0_rsk
vector                           ABS ROMDATA 0FFD00 000100       ncrt0_rsk
svector                          ABS ROMDATA 0FFE00 000000       ncrt0_rsk
fvector                          ABS ROMDATA 0FFFFC 000004       ncrt0_rsk
# Total -------------------------------------------------------------------
                                     DATA           0012AB(0004779) Byte(s)
                                     ROMDATA        000C70(0003184) Byte(s)
                                     CODE           005FE0(0024544) Byte(s)

##########################################
# (3) GLOBAL LABEL INFORMATION           #
##########################################
$GLCD_Circle       0f11f6  $GLCD_GoTo         0f10c2  $GLCD_Rectangle    0f1188
$GLCD_WriteChar    0f0ece  $LcdDataWrite      0f0c56  $LcdInstructionW   0f0c84
$LcdSelectSide     0f0c16  $LcdSetDot         0f0df2  $_f4ltor           0f4bea
$_f4rtol           0f4c30  $_f8geti           0f62fe  $_f8ltor           0f4042
$_f8rtol           0f4c6e  $_ftol             0f4384  $_inmod            0f650e
$_ltof             0f4614  $animate_menu_na   0f19b8  $bin_2_bcd         0f213a
$exit              0f6b49  $getmem            0f47aa  $henkan1           0f615a
$henkan2           0f619c  $is_isr_regular_   0f1442  $led_pattern_upd   0f221e
$memset            0f4970  $motor_tone        0f23a4  $motor_tone_us     0f232c
$seg_update        0f2168  $set_isr_priorit   0f1456  $timer_deinit      0f33e8
$timer_uninstall   0f34be  $uart_write        0f35b4  $uninstall_cback   0f14f0
_ADC_Interrupt     0f1510  _FontSystem3x6     0005d4  _FontSystem5x8     000697
_FontSystem7x8     00087c  _Font_System3x6    00040c  _Font_System5x8    000400
_Font_System7x8    000406  _GLCD_ClearScree   0f0d10  _GLCD_DisplayPic   0f0d64
_GLCD_DisplayVal   0f1104  _GLCD_Initialise   0f0b8e  _GLCD_WriteStrin   0f1094
_GLCD_getXY        0f1308  _INT0              0f1526  _INT1              0f153c
_Initialise        0f133e  _KYB               0f169c  _LcdDataRead       0f0cb2
_LcdDelay          0f0b6c  _LcdWaitBusy       0f0ce4  _Timer_A0          0f167a
_Timer_A1          0f3148  _Timer_A2          0f315e  _Timer_A3          0f3174
_Timer_A4          0f318a  _Timer_B0          0f31a0  _Timer_B1          0f31b6
_Timer_B2          0f31cc  _U0rec_ISR         0f365c  __ctype            0f04aa
__f4mul            0f4b2c  __f4retInf         0f4bc2  __f4retNaN         0f4bb8
__f4retNum         0f4bd2  __f4retZero        0f4bbe  __f4tof8           0f367a
__f4toi4U          0f3700  __f8add            0f3726  __f8eq             0f662a
__f8ge             0f66a6  __f8lt             0f674e  __f8mul            0f4096
__f8ne             0f67f6  __f8prn            0f5c04  __f8toi4U          0f435e
__i4Utof4          0f45f2  __i4div            0f4496  __i4divU           0f451a
__i4modU           0f4568  __i4mulU           0f45b4  __i4tof8           0f45d0
__i8divU           0f6872  __i8modU           0f696a  __mbase            0004bc
__memt             000464  __mnext            0004c0  __msize            0004c4
__pool             00045c  __pri              0f61f0  __print            0f4cb0
_adc_cback         0f272e  _bcd_table         000428  _bcd_table_hex     00043c
_bcopy             0f46e8  _bzero             0f471e  _counting          000b28
_countup_delay     000456  _countup_delay_m   00044a  _create_options    0f17b0
_ctr1              000458  _ctr2              00045a  _current_menu      000488
_deinit_motor_so   0f2458  _delay             0f34d2  _dim_brightness    00044e
_dim_delay         00044c  _exit              0f6b49  _extra             0f21ca
_extra_close_cba   0f21c6  _getcommand        0f170c  _hold_delay        000422
_info              0f3132  _init_7seg         0f2122  _init_isr          0f143e
_init_menu_tree    0f1f56  _init_motor_soun   0f241e  _install_cback     0f14d2
_int0_cback        0f2722  _int0_stop_prog3   0f28a6  _int0_stop_prog4   0f2964
_int1_cback        0f2728  _intro             0f30dc  _isr_callbacks     00046c
_keypad            000b2b  _keypad_4x4_flus   0f1594  _keypad_4x4_iske   0f1716
_keypad_4x4_read   0f16c0  _keypad_4x4_scan   0f15e2  _keypad_4x4_wait   0f171a
_keypad_4x4_wait   0f172c  _keypad_buff_cpy   000478  _keypad_delay      0f15b2
_keypad_matrix     000412  _keypad_scan       0f28aa  _keypad_selectio   0f2968
_keyscan_4x4_cle   0f15c8  _keyscan_4x4_ini   0f1552  _led_7seg          0f261a
_led_pattern       0f2810  _main              0f2102  _malloc            0f4746
_memcpy            0f4920  _menu_create       0f1876  _menu_display_op   0f1a7e
_menu_navigate     0f1bca  _menu_option_cre   0f1742  _menu_root         000424
_oldreg            00048e  _oldreg_dir        00048c  _printf            0f2482
_printf_at         0f24e0  _printf_at_rl      0f2572  _priority_counte   000b23
_prog2_patt_type   000b25  _prog3_running     000b26  _prog4_running     000b27
_prog5_timer_cal   0f2c62  _read_key          0f1730  _running           000b40
_shift             000450  _shift_delay       000452  _shift_delay_max   000454
_shift_dir         000b24  _stop_motor        0f2322  _stopwatch         000490
_strcmp            0f49b2  _strcpy            0f49e8  _strlen            0f4a24
_timer_cascade_i   0f3044  _timer_cascaded_   0f3008  _timer_cascaded_   0f3026
_timer_cback_lis   000498  _timer_deinit_al   0f3494  _timer_init        0f31e2
_timer_install_c   0f34aa  _timer_set         0f2cba  _u8CursorX         000b29
_u8CursorY         000b2a  _uart_cback_list   0004b8  _uart_deinit       0f3554
_uart_init         0f34ec  _uart_install_cb   0f3642  _uart_read         0f35f2
_uart_read_async   0f3618  _uart_uninstall_   0f3652  _uart_writestr     0f35ca
_uninstall_all_c   0f1422  _vsprintf          0f4a50  dummy_int          0f6b4b
start              0f6a39  

##########################################
# (4) GLOBAL EQU SYMBOL INFORMATION      #
##########################################
__SB__           00000400  

##########################################
# (5) GLOBAL EQU BIT-SYMBOL INFORMATION  #
##########################################

##########################################
# (6) LOCAL LABEL INFORMATION            #
##########################################
@ ncrt0_rsk ( C:\Users\Miguel\Documents\Renesas_Workspace\NG2S901_As1_Menu\NG2S901_As1_Menu\Debug\ncrt0_rsk.r30 )
@ FONT ( C:\Users\Miguel\Documents\Renesas_Workspace\NG2S901_As1_Menu\NG2S901_As1_Menu\Debug\FONT.r30 )
@ GLCD ( C:\Users\Miguel\Documents\Renesas_Workspace\NG2S901_As1_Menu\NG2S901_As1_Menu\Debug\GLCD.r30 )
@ hwsetup ( C:\Users\Miguel\Documents\Renesas_Workspace\NG2S901_As1_Menu\NG2S901_As1_Menu\Debug\hwsetup.r30 )
@ ISR_DEFs ( C:\Users\Miguel\Documents\Renesas_Workspace\NG2S901_As1_Menu\NG2S901_As1_Menu\Debug\ISR_DEFs.r30 )
@ keyscan_4x4 ( C:\Users\Miguel\Documents\Renesas_Workspace\NG2S901_As1_Menu\NG2S901_As1_Menu\Debug\keyscan_4x4.r30 )
@ main ( C:\Users\Miguel\Documents\Renesas_Workspace\NG2S901_As1_Menu\NG2S901_As1_Menu\Debug\main.r30 )
@ 7segment ( C:\Users\Miguel\Documents\Renesas_Workspace\NG2S901_As1_Menu\NG2S901_As1_Menu\Debug\7segment.r30 )
@ extra_program ( C:\Users\Miguel\Documents\Renesas_Workspace\NG2S901_As1_Menu\NG2S901_As1_Menu\Debug\extra_program.r30 )
@ led ( C:\Users\Miguel\Documents\Renesas_Workspace\NG2S901_As1_Menu\NG2S901_As1_Menu\Debug\led.r30 )
@ motor ( C:\Users\Miguel\Documents\Renesas_Workspace\NG2S901_As1_Menu\NG2S901_As1_Menu\Debug\motor.r30 )
@ motor_sound ( C:\Users\Miguel\Documents\Renesas_Workspace\NG2S901_As1_Menu\NG2S901_As1_Menu\Debug\motor_sound.r30 )
@ print ( C:\Users\Miguel\Documents\Renesas_Workspace\NG2S901_As1_Menu\NG2S901_As1_Menu\Debug\print.r30 )
@ programs ( C:\Users\Miguel\Documents\Renesas_Workspace\NG2S901_As1_Menu\NG2S901_As1_Menu\Debug\programs.r30 )
@ timer ( C:\Users\Miguel\Documents\Renesas_Workspace\NG2S901_As1_Menu\NG2S901_As1_Menu\Debug\timer.r30 )
@ uart ( C:\Users\Miguel\Documents\Renesas_Workspace\NG2S901_As1_Menu\NG2S901_As1_Menu\Debug\uart.r30 )
@ _f4tof8 ( c:\program files (x86)\renesas\hew\tools\renesas\nc30wa\v543r00\lib30\nc30lib.lib )
@ _f4toi4u ( c:\program files (x86)\renesas\hew\tools\renesas\nc30wa\v543r00\lib30\nc30lib.lib )
@ _f8add ( c:\program files (x86)\renesas\hew\tools\renesas\nc30wa\v543r00\lib30\nc30lib.lib )
@ _f8ltor ( c:\program files (x86)\renesas\hew\tools\renesas\nc30wa\v543r00\lib30\nc30lib.lib )
@ _f8mul ( c:\program files (x86)\renesas\hew\tools\renesas\nc30wa\v543r00\lib30\nc30lib.lib )
@ _f8toi4u ( c:\program files (x86)\renesas\hew\tools\renesas\nc30wa\v543r00\lib30\nc30lib.lib )
@ _ftol ( c:\program files (x86)\renesas\hew\tools\renesas\nc30wa\v543r00\lib30\nc30lib.lib )
@ _i4div ( c:\program files (x86)\renesas\hew\tools\renesas\nc30wa\v543r00\lib30\nc30lib.lib )
@ _i4divu ( c:\program files (x86)\renesas\hew\tools\renesas\nc30wa\v543r00\lib30\nc30lib.lib )
@ _i4modu ( c:\program files (x86)\renesas\hew\tools\renesas\nc30wa\v543r00\lib30\nc30lib.lib )
@ _i4mulu ( c:\program files (x86)\renesas\hew\tools\renesas\nc30wa\v543r00\lib30\nc30lib.lib )
@ _i4tof8 ( c:\program files (x86)\renesas\hew\tools\renesas\nc30wa\v543r00\lib30\nc30lib.lib )
@ _i4utof4 ( c:\program files (x86)\renesas\hew\tools\renesas\nc30wa\v543r00\lib30\nc30lib.lib )
@ _ltof ( c:\program files (x86)\renesas\hew\tools\renesas\nc30wa\v543r00\lib30\nc30lib.lib )
@ _mbase ( c:\program files (x86)\renesas\hew\tools\renesas\nc30wa\v543r00\lib30\nc30lib.lib )
@ bcopy ( c:\program files (x86)\renesas\hew\tools\renesas\nc30wa\v543r00\lib30\nc30lib.lib )
@ bzero ( c:\program files (x86)\renesas\hew\tools\renesas\nc30wa\v543r00\lib30\nc30lib.lib )
@ malloc ( c:\program files (x86)\renesas\hew\tools\renesas\nc30wa\v543r00\lib30\nc30lib.lib )
@ mdata ( c:\program files (x86)\renesas\hew\tools\renesas\nc30wa\v543r00\lib30\nc30lib.lib )
@ memcpy ( c:\program files (x86)\renesas\hew\tools\renesas\nc30wa\v543r00\lib30\nc30lib.lib )
@ memset ( c:\program files (x86)\renesas\hew\tools\renesas\nc30wa\v543r00\lib30\nc30lib.lib )
@ strcmp ( c:\program files (x86)\renesas\hew\tools\renesas\nc30wa\v543r00\lib30\nc30lib.lib )
@ _strcpy ( c:\program files (x86)\renesas\hew\tools\renesas\nc30wa\v543r00\lib30\nc30lib.lib )
@ strlen ( c:\program files (x86)\renesas\hew\tools\renesas\nc30wa\v543r00\lib30\nc30lib.lib )
@ vsprintf ( c:\program files (x86)\renesas\hew\tools\renesas\nc30wa\v543r00\lib30\nc30lib.lib )
@ _f4muls ( c:\program files (x86)\renesas\hew\tools\renesas\nc30wa\v543r00\lib30\nc30lib.lib )
@ _f4rets ( c:\program files (x86)\renesas\hew\tools\renesas\nc30wa\v543r00\lib30\nc30lib.lib )
@ _f4ltor ( c:\program files (x86)\renesas\hew\tools\renesas\nc30wa\v543r00\lib30\nc30lib.lib )
@ _f4rtol ( c:\program files (x86)\renesas\hew\tools\renesas\nc30wa\v543r00\lib30\nc30lib.lib )
@ _f8rtol ( c:\program files (x86)\renesas\hew\tools\renesas\nc30wa\v543r00\lib30\nc30lib.lib )
@ print ( c:\program files (x86)\renesas\hew\tools\renesas\nc30wa\v543r00\lib30\nc30lib.lib )
@ _f8eq ( c:\program files (x86)\renesas\hew\tools\renesas\nc30wa\v543r00\lib30\nc30lib.lib )
@ _f8ge ( c:\program files (x86)\renesas\hew\tools\renesas\nc30wa\v543r00\lib30\nc30lib.lib )
@ _f8lt ( c:\program files (x86)\renesas\hew\tools\renesas\nc30wa\v543r00\lib30\nc30lib.lib )
@ _f8ne ( c:\program files (x86)\renesas\hew\tools\renesas\nc30wa\v543r00\lib30\nc30lib.lib )
@ _i8divu ( c:\program files (x86)\renesas\hew\tools\renesas\nc30wa\v543r00\lib30\nc30lib.lib )
@ _i8modu ( c:\program files (x86)\renesas\hew\tools\renesas\nc30wa\v543r00\lib30\nc30lib.lib )
@ cdata ( c:\program files (x86)\renesas\hew\tools\renesas\nc30wa\v543r00\lib30\nc30lib.lib )

##########################################
# (7) LOCAL EQU SYMBOL INFORMATION       #
##########################################
@ ncrt0_rsk ( C:\Users\Miguel\Documents\Renesas_Workspace\NG2S901_As1_Menu\NG2S901_As1_Menu\Debug\ncrt0_rsk.r30 )
@ FONT ( C:\Users\Miguel\Documents\Renesas_Workspace\NG2S901_As1_Menu\NG2S901_As1_Menu\Debug\FONT.r30 )
@ GLCD ( C:\Users\Miguel\Documents\Renesas_Workspace\NG2S901_As1_Menu\NG2S901_As1_Menu\Debug\GLCD.r30 )
@ hwsetup ( C:\Users\Miguel\Documents\Renesas_Workspace\NG2S901_As1_Menu\NG2S901_As1_Menu\Debug\hwsetup.r30 )
@ ISR_DEFs ( C:\Users\Miguel\Documents\Renesas_Workspace\NG2S901_As1_Menu\NG2S901_As1_Menu\Debug\ISR_DEFs.r30 )
@ keyscan_4x4 ( C:\Users\Miguel\Documents\Renesas_Workspace\NG2S901_As1_Menu\NG2S901_As1_Menu\Debug\keyscan_4x4.r30 )
@ main ( C:\Users\Miguel\Documents\Renesas_Workspace\NG2S901_As1_Menu\NG2S901_As1_Menu\Debug\main.r30 )
@ 7segment ( C:\Users\Miguel\Documents\Renesas_Workspace\NG2S901_As1_Menu\NG2S901_As1_Menu\Debug\7segment.r30 )
@ extra_program ( C:\Users\Miguel\Documents\Renesas_Workspace\NG2S901_As1_Menu\NG2S901_As1_Menu\Debug\extra_program.r30 )
@ led ( C:\Users\Miguel\Documents\Renesas_Workspace\NG2S901_As1_Menu\NG2S901_As1_Menu\Debug\led.r30 )
@ motor ( C:\Users\Miguel\Documents\Renesas_Workspace\NG2S901_As1_Menu\NG2S901_As1_Menu\Debug\motor.r30 )
@ motor_sound ( C:\Users\Miguel\Documents\Renesas_Workspace\NG2S901_As1_Menu\NG2S901_As1_Menu\Debug\motor_sound.r30 )
@ print ( C:\Users\Miguel\Documents\Renesas_Workspace\NG2S901_As1_Menu\NG2S901_As1_Menu\Debug\print.r30 )
@ programs ( C:\Users\Miguel\Documents\Renesas_Workspace\NG2S901_As1_Menu\NG2S901_As1_Menu\Debug\programs.r30 )
@ timer ( C:\Users\Miguel\Documents\Renesas_Workspace\NG2S901_As1_Menu\NG2S901_As1_Menu\Debug\timer.r30 )
@ uart ( C:\Users\Miguel\Documents\Renesas_Workspace\NG2S901_As1_Menu\NG2S901_As1_Menu\Debug\uart.r30 )
@ _f4tof8 ( c:\program files (x86)\renesas\hew\tools\renesas\nc30wa\v543r00\lib30\nc30lib.lib )
@ _f4toi4u ( c:\program files (x86)\renesas\hew\tools\renesas\nc30wa\v543r00\lib30\nc30lib.lib )
@ _f8add ( c:\program files (x86)\renesas\hew\tools\renesas\nc30wa\v543r00\lib30\nc30lib.lib )
@ _f8ltor ( c:\program files (x86)\renesas\hew\tools\renesas\nc30wa\v543r00\lib30\nc30lib.lib )
@ _f8mul ( c:\program files (x86)\renesas\hew\tools\renesas\nc30wa\v543r00\lib30\nc30lib.lib )
@ _f8toi4u ( c:\program files (x86)\renesas\hew\tools\renesas\nc30wa\v543r00\lib30\nc30lib.lib )
@ _ftol ( c:\program files (x86)\renesas\hew\tools\renesas\nc30wa\v543r00\lib30\nc30lib.lib )
@ _i4div ( c:\program files (x86)\renesas\hew\tools\renesas\nc30wa\v543r00\lib30\nc30lib.lib )
@ _i4divu ( c:\program files (x86)\renesas\hew\tools\renesas\nc30wa\v543r00\lib30\nc30lib.lib )
@ _i4modu ( c:\program files (x86)\renesas\hew\tools\renesas\nc30wa\v543r00\lib30\nc30lib.lib )
@ _i4mulu ( c:\program files (x86)\renesas\hew\tools\renesas\nc30wa\v543r00\lib30\nc30lib.lib )
@ _i4tof8 ( c:\program files (x86)\renesas\hew\tools\renesas\nc30wa\v543r00\lib30\nc30lib.lib )
@ _i4utof4 ( c:\program files (x86)\renesas\hew\tools\renesas\nc30wa\v543r00\lib30\nc30lib.lib )
@ _ltof ( c:\program files (x86)\renesas\hew\tools\renesas\nc30wa\v543r00\lib30\nc30lib.lib )
@ _mbase ( c:\program files (x86)\renesas\hew\tools\renesas\nc30wa\v543r00\lib30\nc30lib.lib )
@ bcopy ( c:\program files (x86)\renesas\hew\tools\renesas\nc30wa\v543r00\lib30\nc30lib.lib )
@ bzero ( c:\program files (x86)\renesas\hew\tools\renesas\nc30wa\v543r00\lib30\nc30lib.lib )
@ malloc ( c:\program files (x86)\renesas\hew\tools\renesas\nc30wa\v543r00\lib30\nc30lib.lib )
@ mdata ( c:\program files (x86)\renesas\hew\tools\renesas\nc30wa\v543r00\lib30\nc30lib.lib )
@ memcpy ( c:\program files (x86)\renesas\hew\tools\renesas\nc30wa\v543r00\lib30\nc30lib.lib )
@ memset ( c:\program files (x86)\renesas\hew\tools\renesas\nc30wa\v543r00\lib30\nc30lib.lib )
@ strcmp ( c:\program files (x86)\renesas\hew\tools\renesas\nc30wa\v543r00\lib30\nc30lib.lib )
@ _strcpy ( c:\program files (x86)\renesas\hew\tools\renesas\nc30wa\v543r00\lib30\nc30lib.lib )
@ strlen ( c:\program files (x86)\renesas\hew\tools\renesas\nc30wa\v543r00\lib30\nc30lib.lib )
@ vsprintf ( c:\program files (x86)\renesas\hew\tools\renesas\nc30wa\v543r00\lib30\nc30lib.lib )
@ _f4muls ( c:\program files (x86)\renesas\hew\tools\renesas\nc30wa\v543r00\lib30\nc30lib.lib )
@ _f4rets ( c:\program files (x86)\renesas\hew\tools\renesas\nc30wa\v543r00\lib30\nc30lib.lib )
@ _f4ltor ( c:\program files (x86)\renesas\hew\tools\renesas\nc30wa\v543r00\lib30\nc30lib.lib )
@ _f4rtol ( c:\program files (x86)\renesas\hew\tools\renesas\nc30wa\v543r00\lib30\nc30lib.lib )
@ _f8rtol ( c:\program files (x86)\renesas\hew\tools\renesas\nc30wa\v543r00\lib30\nc30lib.lib )
@ print ( c:\program files (x86)\renesas\hew\tools\renesas\nc30wa\v543r00\lib30\nc30lib.lib )
@ _f8eq ( c:\program files (x86)\renesas\hew\tools\renesas\nc30wa\v543r00\lib30\nc30lib.lib )
@ _f8ge ( c:\program files (x86)\renesas\hew\tools\renesas\nc30wa\v543r00\lib30\nc30lib.lib )
@ _f8lt ( c:\program files (x86)\renesas\hew\tools\renesas\nc30wa\v543r00\lib30\nc30lib.lib )
@ _f8ne ( c:\program files (x86)\renesas\hew\tools\renesas\nc30wa\v543r00\lib30\nc30lib.lib )
@ _i8divu ( c:\program files (x86)\renesas\hew\tools\renesas\nc30wa\v543r00\lib30\nc30lib.lib )
@ _i8modu ( c:\program files (x86)\renesas\hew\tools\renesas\nc30wa\v543r00\lib30\nc30lib.lib )
@ cdata ( c:\program files (x86)\renesas\hew\tools\renesas\nc30wa\v543r00\lib30\nc30lib.lib )

##########################################
# (8) LOCAL EQU BIT-SYMBOL INFORMATION   #
##########################################
@ ncrt0_rsk ( C:\Users\Miguel\Documents\Renesas_Workspace\NG2S901_As1_Menu\NG2S901_As1_Menu\Debug\ncrt0_rsk.r30 )
@ FONT ( C:\Users\Miguel\Documents\Renesas_Workspace\NG2S901_As1_Menu\NG2S901_As1_Menu\Debug\FONT.r30 )
@ GLCD ( C:\Users\Miguel\Documents\Renesas_Workspace\NG2S901_As1_Menu\NG2S901_As1_Menu\Debug\GLCD.r30 )
@ hwsetup ( C:\Users\Miguel\Documents\Renesas_Workspace\NG2S901_As1_Menu\NG2S901_As1_Menu\Debug\hwsetup.r30 )
@ ISR_DEFs ( C:\Users\Miguel\Documents\Renesas_Workspace\NG2S901_As1_Menu\NG2S901_As1_Menu\Debug\ISR_DEFs.r30 )
@ keyscan_4x4 ( C:\Users\Miguel\Documents\Renesas_Workspace\NG2S901_As1_Menu\NG2S901_As1_Menu\Debug\keyscan_4x4.r30 )
@ main ( C:\Users\Miguel\Documents\Renesas_Workspace\NG2S901_As1_Menu\NG2S901_As1_Menu\Debug\main.r30 )
@ 7segment ( C:\Users\Miguel\Documents\Renesas_Workspace\NG2S901_As1_Menu\NG2S901_As1_Menu\Debug\7segment.r30 )
@ extra_program ( C:\Users\Miguel\Documents\Renesas_Workspace\NG2S901_As1_Menu\NG2S901_As1_Menu\Debug\extra_program.r30 )
@ led ( C:\Users\Miguel\Documents\Renesas_Workspace\NG2S901_As1_Menu\NG2S901_As1_Menu\Debug\led.r30 )
@ motor ( C:\Users\Miguel\Documents\Renesas_Workspace\NG2S901_As1_Menu\NG2S901_As1_Menu\Debug\motor.r30 )
@ motor_sound ( C:\Users\Miguel\Documents\Renesas_Workspace\NG2S901_As1_Menu\NG2S901_As1_Menu\Debug\motor_sound.r30 )
@ print ( C:\Users\Miguel\Documents\Renesas_Workspace\NG2S901_As1_Menu\NG2S901_As1_Menu\Debug\print.r30 )
@ programs ( C:\Users\Miguel\Documents\Renesas_Workspace\NG2S901_As1_Menu\NG2S901_As1_Menu\Debug\programs.r30 )
@ timer ( C:\Users\Miguel\Documents\Renesas_Workspace\NG2S901_As1_Menu\NG2S901_As1_Menu\Debug\timer.r30 )
@ uart ( C:\Users\Miguel\Documents\Renesas_Workspace\NG2S901_As1_Menu\NG2S901_As1_Menu\Debug\uart.r30 )
@ _f4tof8 ( c:\program files (x86)\renesas\hew\tools\renesas\nc30wa\v543r00\lib30\nc30lib.lib )
@ _f4toi4u ( c:\program files (x86)\renesas\hew\tools\renesas\nc30wa\v543r00\lib30\nc30lib.lib )
@ _f8add ( c:\program files (x86)\renesas\hew\tools\renesas\nc30wa\v543r00\lib30\nc30lib.lib )
@ _f8ltor ( c:\program files (x86)\renesas\hew\tools\renesas\nc30wa\v543r00\lib30\nc30lib.lib )
@ _f8mul ( c:\program files (x86)\renesas\hew\tools\renesas\nc30wa\v543r00\lib30\nc30lib.lib )
@ _f8toi4u ( c:\program files (x86)\renesas\hew\tools\renesas\nc30wa\v543r00\lib30\nc30lib.lib )
@ _ftol ( c:\program files (x86)\renesas\hew\tools\renesas\nc30wa\v543r00\lib30\nc30lib.lib )
@ _i4div ( c:\program files (x86)\renesas\hew\tools\renesas\nc30wa\v543r00\lib30\nc30lib.lib )
@ _i4divu ( c:\program files (x86)\renesas\hew\tools\renesas\nc30wa\v543r00\lib30\nc30lib.lib )
@ _i4modu ( c:\program files (x86)\renesas\hew\tools\renesas\nc30wa\v543r00\lib30\nc30lib.lib )
@ _i4mulu ( c:\program files (x86)\renesas\hew\tools\renesas\nc30wa\v543r00\lib30\nc30lib.lib )
@ _i4tof8 ( c:\program files (x86)\renesas\hew\tools\renesas\nc30wa\v543r00\lib30\nc30lib.lib )
@ _i4utof4 ( c:\program files (x86)\renesas\hew\tools\renesas\nc30wa\v543r00\lib30\nc30lib.lib )
@ _ltof ( c:\program files (x86)\renesas\hew\tools\renesas\nc30wa\v543r00\lib30\nc30lib.lib )
@ _mbase ( c:\program files (x86)\renesas\hew\tools\renesas\nc30wa\v543r00\lib30\nc30lib.lib )
@ bcopy ( c:\program files (x86)\renesas\hew\tools\renesas\nc30wa\v543r00\lib30\nc30lib.lib )
@ bzero ( c:\program files (x86)\renesas\hew\tools\renesas\nc30wa\v543r00\lib30\nc30lib.lib )
@ malloc ( c:\program files (x86)\renesas\hew\tools\renesas\nc30wa\v543r00\lib30\nc30lib.lib )
@ mdata ( c:\program files (x86)\renesas\hew\tools\renesas\nc30wa\v543r00\lib30\nc30lib.lib )
@ memcpy ( c:\program files (x86)\renesas\hew\tools\renesas\nc30wa\v543r00\lib30\nc30lib.lib )
@ memset ( c:\program files (x86)\renesas\hew\tools\renesas\nc30wa\v543r00\lib30\nc30lib.lib )
@ strcmp ( c:\program files (x86)\renesas\hew\tools\renesas\nc30wa\v543r00\lib30\nc30lib.lib )
@ _strcpy ( c:\program files (x86)\renesas\hew\tools\renesas\nc30wa\v543r00\lib30\nc30lib.lib )
@ strlen ( c:\program files (x86)\renesas\hew\tools\renesas\nc30wa\v543r00\lib30\nc30lib.lib )
@ vsprintf ( c:\program files (x86)\renesas\hew\tools\renesas\nc30wa\v543r00\lib30\nc30lib.lib )
@ _f4muls ( c:\program files (x86)\renesas\hew\tools\renesas\nc30wa\v543r00\lib30\nc30lib.lib )
@ _f4rets ( c:\program files (x86)\renesas\hew\tools\renesas\nc30wa\v543r00\lib30\nc30lib.lib )
@ _f4ltor ( c:\program files (x86)\renesas\hew\tools\renesas\nc30wa\v543r00\lib30\nc30lib.lib )
@ _f4rtol ( c:\program files (x86)\renesas\hew\tools\renesas\nc30wa\v543r00\lib30\nc30lib.lib )
@ _f8rtol ( c:\program files (x86)\renesas\hew\tools\renesas\nc30wa\v543r00\lib30\nc30lib.lib )
@ print ( c:\program files (x86)\renesas\hew\tools\renesas\nc30wa\v543r00\lib30\nc30lib.lib )
@ _f8eq ( c:\program files (x86)\renesas\hew\tools\renesas\nc30wa\v543r00\lib30\nc30lib.lib )
@ _f8ge ( c:\program files (x86)\renesas\hew\tools\renesas\nc30wa\v543r00\lib30\nc30lib.lib )
@ _f8lt ( c:\program files (x86)\renesas\hew\tools\renesas\nc30wa\v543r00\lib30\nc30lib.lib )
@ _f8ne ( c:\program files (x86)\renesas\hew\tools\renesas\nc30wa\v543r00\lib30\nc30lib.lib )
@ _i8divu ( c:\program files (x86)\renesas\hew\tools\renesas\nc30wa\v543r00\lib30\nc30lib.lib )
@ _i8modu ( c:\program files (x86)\renesas\hew\tools\renesas\nc30wa\v543r00\lib30\nc30lib.lib )
@ cdata ( c:\program files (x86)\renesas\hew\tools\renesas\nc30wa\v543r00\lib30\nc30lib.lib )

*** Mapping List ***

SECTION                            START      END         SIZE   ALIGN

data_SE
                                  00000400  00000400         0   1
bss_SE
                                  00000400  00000400         0   2
data_SO
                                  00000400  00000400         0   1
bss_SO
                                  00000400  00000400         0   1
data_NE
                                  00000400  0000046b        6c   2
bss_NE
                                  0000046c  000005d3       168   2
data_NO
                                  000005d4  00000b28       555   1
bss_NO
                                  00000b29  00000daa       282   1
stack
                                  00000dab  000013aa       600   1
heap
                                  000013ab  000016aa       300   1
rom_NE
                                  000016ac  000016ac         0   2
rom_NO
                                  000016ac  000016ac         0   1
data_FE
                                  00010000  00010000         0   1
bss_FE
                                  00010000  00010000         0   2
data_FO
                                  00010000  00010000         0   1
bss_FO
                                  00010000  00010000         0   1
rom_FE
                                  000f0000  000f0000         0   1
rom_FO
                                  000f0000  000f05aa       5ab   1
data_SEI
                                  000f05ab  000f05ab         0   1
data_SOI
                                  000f05ab  000f05ab         0   1
data_NEI
                                  000f05ab  000f0616        6c   1
data_NOI
                                  000f0617  000f0b6b       555   1
data_FEI
                                  000f0b6c  000f0b6c         0   1
data_FOI
                                  000f0b6c  000f0b6c         0   1
switch_table
                                  000f0b6c  000f0b6c         0   1
program
                                  000f0b6c  000f6a38      5ecd   1
interrupt
                                  000f6a39  000f6b4b       113   1
program_S
                                  000f6b4c  000f6b4c         0   1
vector
                                  000ffd00  000ffdff       100   1
svector
                                  000ffe00  000ffe00         0   1
fvector
                                  000ffffc  000fffff         4   1

*** Symbol List ***

SECTION=
FILE=                               START        END    SIZE
  SYMBOL                            ADDR        SIZE    INFO      COUNTS  OPT

SECTION=data_SE
FILE=ncrt0_rsk
                                  00000400  00000400         0
  __SB__
                                  00000400         0   none ,g         0

SECTION=data_NE
FILE=C:/Users/Miguel/Documents/Renesas_Workspace/NG2S901_As1_Menu/NG2S901_As1_Menu/drivers/glcd/GLCD
                                  00000400  00000411        12
  _Font_System3x6
                                  0000040c         6   data ,g         0
  _Font_System5x8
                                  00000400         6   data ,g         0
  _Font_System7x8
                                  00000406         6   data ,g         0

FILE=C:/Users/Miguel/Documents/Renesas_Workspace/NG2S901_As1_Menu/NG2S901_As1_Menu/drivers/keypad/keyscan_4x4
                                  00000412  00000423        12
  _keypad_matrix
                                  00000412        10   data ,g         0
  _hold_delay
                                  00000422         2   data ,g         0

FILE=C:/Users/Miguel/Documents/Renesas_Workspace/NG2S901_As1_Menu/NG2S901_As1_Menu/main
                                  00000424  00000427         4
  _menu_root
                                  00000424         4   data ,g         0

FILE=C:/Users/Miguel/Documents/Renesas_Workspace/NG2S901_As1_Menu/NG2S901_As1_Menu/drivers/7seg/7segment
                                  00000428  00000449        22
  _bcd_table
                                  00000428        14   data ,g         0
  _bcd_table_hex
                                  0000043c         e   data ,g         0

FILE=C:/Users/Miguel/Documents/Renesas_Workspace/NG2S901_As1_Menu/NG2S901_As1_Menu/drivers/led/led
                                  0000044a  00000457         e
  _shift
                                  00000450         2   data ,g         0
  _shift_delay
                                  00000452         2   data ,g         0
  _shift_delay_max
                                  00000454         2   data ,g         0
  _dim_delay
                                  0000044c         2   data ,g         0
  _dim_brightness
                                  0000044e         2   data ,g         0
  _countup_delay
                                  00000456         2   data ,g         0
  _countup_delay_max
                                  0000044a         2   data ,g         0

FILE=C:/Users/Miguel/Documents/Renesas_Workspace/NG2S901_As1_Menu/NG2S901_As1_Menu/programs
                                  00000458  0000045b         4
  _ctr1
                                  00000458         2   data ,g         0
  _ctr2
                                  0000045a         2   data ,g         0

FILE=mdata
                                  0000045c  0000046b        10
  __memt
                                  00000464         0   none ,g         0
  __pool
                                  0000045c         0   none ,g         0

SECTION=bss_NE
FILE=C:/Users/Miguel/Documents/Renesas_Workspace/NG2S901_As1_Menu/NG2S901_As1_Menu/drivers/isr/ISR_DEFs
                                  0000046c  00000477         c
  _isr_callbacks
                                  0000046c         c   data ,g         0

FILE=C:/Users/Miguel/Documents/Renesas_Workspace/NG2S901_As1_Menu/NG2S901_As1_Menu/drivers/keypad/keyscan_4x4
                                  00000478  00000487        10
  _keypad_buff_cpy
                                  00000478        10   data ,g         0

FILE=C:/Users/Miguel/Documents/Renesas_Workspace/NG2S901_As1_Menu/NG2S901_As1_Menu/main
                                  00000488  0000048b         4
  _current_menu
                                  00000488         4   data ,g         0

FILE=C:/Users/Miguel/Documents/Renesas_Workspace/NG2S901_As1_Menu/NG2S901_As1_Menu/drivers/motor/motor_sound
                                  0000048c  0000048f         4
  _oldreg_dir
                                  0000048c         2   data ,g         0
  _oldreg
                                  0000048e         2   data ,g         0

FILE=C:/Users/Miguel/Documents/Renesas_Workspace/NG2S901_As1_Menu/NG2S901_As1_Menu/programs
                                  00000490  00000497         8
  _stopwatch
                                  00000490         8   data ,g         0

FILE=C:/Users/Miguel/Documents/Renesas_Workspace/NG2S901_As1_Menu/NG2S901_As1_Menu/drivers/timer/timer
                                  00000498  000004b7        20
  _timer_cback_list
                                  00000498        20   data ,g         0

FILE=C:/Users/Miguel/Documents/Renesas_Workspace/NG2S901_As1_Menu/NG2S901_As1_Menu/drivers/uart/uart
                                  000004b8  000004bb         4
  _uart_cback_list
                                  000004b8         4   data ,g         0

FILE=_mbase
                                  000004bc  000004bf         4
  __mbase
                                  000004bc         0   none ,g         0

FILE=mdata
                                  000004c0  000004c7         8
  __mnext
                                  000004c0         0   none ,g         0
  __msize
                                  000004c4         0   none ,g         0

SECTION=data_NO
FILE=C:/Users/Miguel/Documents/Renesas_Workspace/NG2S901_As1_Menu/NG2S901_As1_Menu/drivers/glcd/FONT
                                  000005d4  00000b22       54f
  _FontSystem3x6
                                  000005d4        c3   data ,g         0
  _FontSystem5x8
                                  00000697       1e5   data ,g         0
  _FontSystem7x8
                                  0000087c       2a7   data ,g         0

FILE=C:/Users/Miguel/Documents/Renesas_Workspace/NG2S901_As1_Menu/NG2S901_As1_Menu/drivers/isr/ISR_DEFs
                                  00000b23  00000b23         1
  _priority_counter
                                  00000b23         1   data ,g         0

FILE=C:/Users/Miguel/Documents/Renesas_Workspace/NG2S901_As1_Menu/NG2S901_As1_Menu/drivers/led/led
                                  00000b24  00000b24         1
  _shift_dir
                                  00000b24         1   data ,g         0

FILE=C:/Users/Miguel/Documents/Renesas_Workspace/NG2S901_As1_Menu/NG2S901_As1_Menu/programs
                                  00000b25  00000b28         4
  _prog2_patt_type
                                  00000b25         1   data ,g         0
  _prog3_running
                                  00000b26         1   data ,g         0
  _prog4_running
                                  00000b27         1   data ,g         0
  _counting
                                  00000b28         1   data ,g         0

SECTION=bss_NO
FILE=ncrt0_rsk
                                  00000b29  00000b29         0
  _u8CursorX
                                  00000b29         1   data ,g         0

FILE=C:/Users/Miguel/Documents/Renesas_Workspace/NG2S901_As1_Menu/NG2S901_As1_Menu/drivers/glcd/GLCD
                                  00000b29  00000b2a         2
  _u8CursorY
                                  00000b2a         1   data ,g         0

FILE=C:/Users/Miguel/Documents/Renesas_Workspace/NG2S901_As1_Menu/NG2S901_As1_Menu/drivers/keypad/keyscan_4x4
                                  00000b2b  00000b3f        15
  _keypad
                                  00000b2b        15   data ,g         0

FILE=C:/Users/Miguel/Documents/Renesas_Workspace/NG2S901_As1_Menu/NG2S901_As1_Menu/extra_program
                                  00000b40  00000b40         1
  _running
                                  00000b40         1   data ,g         0

SECTION=rom_FO
FILE=cdata
                                  000f04aa  000f05aa       101
  __ctype
                                  000f04aa         0   none ,g         0

SECTION=program
FILE=C:/Users/Miguel/Documents/Renesas_Workspace/NG2S901_As1_Menu/NG2S901_As1_Menu/drivers/glcd/GLCD
                                  000f0b6c  000f133c       7d1
  _LcdDelay
                                  000f0b6c        21   func ,g         0
  _GLCD_Initialise
                                  000f0b8e        88   func ,g         0
  $LcdSelectSide
                                  000f0c16        41   func ,g         0
  $LcdDataWrite
                                  000f0c56        2d   func ,g         0
  $LcdInstructionWrite
                                  000f0c84        2e   func ,g         0
  _LcdDataRead
                                  000f0cb2        33   func ,g         0
  _LcdWaitBusy
                                  000f0ce4        2c   func ,g         0
  _GLCD_ClearScreen
                                  000f0d10        53   func ,g         0
  _GLCD_DisplayPicture
                                  000f0d64        8f   func ,g         0
  $LcdSetDot
                                  000f0df2        db   func ,g         0
  $GLCD_WriteChar
                                  000f0ece       1c6   func ,g         0
  _GLCD_WriteString
                                  000f1094        2e   func ,g         0
  $GLCD_GoTo
                                  000f10c2        43   func ,g         0
  _GLCD_DisplayValue
                                  000f1104        84   func ,g         0
  $GLCD_Rectangle
                                  000f1188        6e   func ,g         0
  $GLCD_Circle
                                  000f11f6       112   func ,g         0
  _GLCD_getXY
                                  000f1308        35   func ,g         0

FILE=C:/Users/Miguel/Documents/Renesas_Workspace/NG2S901_As1_Menu/NG2S901_As1_Menu/drivers/init/hwsetup
                                  000f133e  000f1420        e3
  _Initialise
                                  000f133e        e3   func ,g         0

FILE=C:/Users/Miguel/Documents/Renesas_Workspace/NG2S901_As1_Menu/NG2S901_As1_Menu/drivers/isr/ISR_DEFs
                                  000f1422  000f1550       12f
  _uninstall_all_cback
                                  000f1422        1c   func ,g         0
  _init_isr
                                  000f143e         4   func ,g         0
  $is_isr_regular_int
                                  000f1442        14   func ,g         0
  $set_isr_priority
                                  000f1456        7b   func ,g         0
  _install_cback
                                  000f14d2        1f   func ,g         0
  $uninstall_cback
                                  000f14f0        1f   func ,g         0
  _ADC_Interrupt
                                  000f1510        16   func ,g         0
  _INT0
                                  000f1526        16   func ,g         0

FILE=C:/Users/Miguel/Documents/Renesas_Workspace/NG2S901_As1_Menu/NG2S901_As1_Menu/drivers/keypad/keyscan_4x4
                                  000f1552  000f1740       1ef
  _keyscan_4x4_init
                                  000f1552        41   func ,g         0
  _keypad_4x4_flush
                                  000f1594        1f   func ,g         0
  _keypad_delay
                                  000f15b2        15   func ,g         0
  _keyscan_4x4_clear
                                  000f15c8        1b   func ,g         0
  _keypad_4x4_scan
                                  000f15e2        97   func ,g         0
  _Timer_A0
                                  000f167a        22   func ,g         0
  _KYB
                                  000f169c        24   func ,g         0
  _keypad_4x4_read_buffer
                                  000f16c0        4d   func ,g         0
  _getcommand
                                  000f170c         a   func ,g         0
  _keypad_4x4_iskeypress
                                  000f1716         4   func ,g         0
  _keypad_4x4_wait
                                  000f171a        11   func ,g         0
  _keypad_4x4_wait_async
                                  000f172c         5   func ,g         0
  _read_key
                                  000f1730        11   func ,g         0

FILE=C:/Users/Miguel/Documents/Renesas_Workspace/NG2S901_As1_Menu/NG2S901_As1_Menu/main
                                  000f1742  000f2120       9df
  _menu_option_create
                                  000f1742        6e   func ,g         0
  _create_options
                                  000f17b0        c6   func ,g         0
  _menu_create
                                  000f1876       141   func ,g         0
  $animate_menu_name
                                  000f19b8        c7   func ,g         0
  _menu_display_options
                                  000f1a7e       14c   func ,g         0
  _menu_navigate
                                  000f1bca       38c   func ,g         0
  _init_menu_tree
                                  000f1f56       1ab   func ,g         0

FILE=C:/Users/Miguel/Documents/Renesas_Workspace/NG2S901_As1_Menu/NG2S901_As1_Menu/drivers/7seg/7segment
                                  000f2122  000f21c5        a4
  _init_7seg
                                  000f2122        18   func ,g         0
  $bin_2_bcd
                                  000f213a        2d   func ,g         0

FILE=C:/Users/Miguel/Documents/Renesas_Workspace/NG2S901_As1_Menu/NG2S901_As1_Menu/extra_program
                                  000f21c6  000f221d        58
  _extra_close_cback
                                  000f21c6         4   func ,g         0
  _extra
                                  000f21ca        54   func ,g         0

FILE=C:/Users/Miguel/Documents/Renesas_Workspace/NG2S901_As1_Menu/NG2S901_As1_Menu/drivers/led/led
                                  000f221e  000f2320       103
  $led_pattern_update
                                  000f221e       103   func ,g         0

FILE=C:/Users/Miguel/Documents/Renesas_Workspace/NG2S901_As1_Menu/NG2S901_As1_Menu/drivers/motor/motor
                                  000f2322  000f232a         9
  _stop_motor
                                  000f2322         9   func ,g         0

FILE=C:/Users/Miguel/Documents/Renesas_Workspace/NG2S901_As1_Menu/NG2S901_As1_Menu/drivers/motor/motor_sound
                                  000f232c  000f2480       155
  $motor_tone_us
                                  000f232c        77   func ,g         0
  $motor_tone
                                  000f23a4        7a   func ,g         0
  _init_motor_sound
                                  000f241e        3a   func ,g         0

FILE=C:/Users/Miguel/Documents/Renesas_Workspace/NG2S901_As1_Menu/NG2S901_As1_Menu/print
                                  000f2482  000f2619       198
  _printf
                                  000f2482        5e   func ,g         0
  _printf_at
                                  000f24e0        92   func ,g         0
  _printf_at_rl
                                  000f2572        a8   func ,g         0

FILE=C:/Users/Miguel/Documents/Renesas_Workspace/NG2S901_As1_Menu/NG2S901_As1_Menu/programs
                                  000f261a  000f3146       b2d
  _led_7seg
                                  000f261a       107   func ,g         0
  _int0_cback
                                  000f2722         6   func ,g         0
  _int1_cback
                                  000f2728         6   func ,g         0
  _adc_cback
                                  000f272e        e2   func ,g         0
  _led_pattern
                                  000f2810        96   func ,g         0
  _int0_stop_prog3
                                  000f28a6         5   func ,g         0
  _keypad_scan
                                  000f28aa        ba   func ,g         0
  _int0_stop_prog4
                                  000f2964         4   func ,g         0
  _keypad_selection
                                  000f2968       2fa   func ,g         0
  _prog5_timer_callback
                                  000f2c62        57   func ,g         0
  _timer_set
                                  000f2cba       34f   func ,g         0
  _timer_cascaded_callback1
                                  000f3008        1e   func ,g         0
  _timer_cascaded_callback2
                                  000f3026        1e   func ,g         0
  _timer_cascade_int
                                  000f3044        98   func ,g         0
  _intro
                                  000f30dc        56   func ,g         0
  _info
                                  000f3132        15   func ,g         0

FILE=C:/Users/Miguel/Documents/Renesas_Workspace/NG2S901_As1_Menu/NG2S901_As1_Menu/drivers/timer/timer
                                  000f3148  000f34d1       38a
  _Timer_A1
                                  000f3148        15   func ,g         0
  _Timer_A2
                                  000f315e        16   func ,g         0
  _Timer_A3
                                  000f3174        16   func ,g         0
  _Timer_A4
                                  000f318a        16   func ,g         0
  _Timer_B0
                                  000f31a0        16   func ,g         0
  _Timer_B1
                                  000f31b6        16   func ,g         0
  _Timer_B2
                                  000f31cc        16   func ,g         0
  _timer_init
                                  000f31e2       207   func ,g         0
  $timer_deinit
                                  000f33e8        ab   func ,g         0
  _timer_deinit_all
                                  000f3494        17   func ,g         0
  _timer_install_cback
                                  000f34aa        13   func ,g         0

FILE=C:/Users/Miguel/Documents/Renesas_Workspace/NG2S901_As1_Menu/NG2S901_As1_Menu/drivers/uart/uart
                                  000f34d2  000f3678       1a7
  _delay
                                  000f34d2        19   func ,g         0
  _uart_init
                                  000f34ec        68   func ,g         0
  _uart_deinit
                                  000f3554        61   func ,g         0
  $uart_write
                                  000f35b4        15   func ,g         0
  _uart_writestr
                                  000f35ca        29   func ,g         0
  _uart_read
                                  000f35f2        25   func ,g         0
  _uart_read_async
                                  000f3618        2b   func ,g         0
  _uart_install_cback
                                  000f3642         f   func ,g         0
  _uart_uninstall_cback
                                  000f3652         a   func ,g         0

FILE=_f4tof8
                                  000f367a  000f36ff        86
  __f4tof8
                                  000f367a        86   func ,g         0

FILE=_f4toi4u
                                  000f3700  000f3724        25
  __f4toi4U
                                  000f3700        25   func ,g         0

FILE=_f8add
                                  000f3726  000f4040       91b
  __f8add
                                  000f3726       6dd   func ,g         0

FILE=_f8ltor
                                  000f4042  000f4095        54
  $_f8ltor
                                  000f4042        54   func ,g         0

FILE=_f8mul
                                  000f4096  000f435c       2c7
  __f8mul
                                  000f4096       2c7   func ,g         0

FILE=_f8toi4u
                                  000f435e  000f4382        25
  __f8toi4U
                                  000f435e        25   func ,g         0

FILE=_ftol
                                  000f4384  000f4494       111
  $_ftol
                                  000f4384       111   func ,g         0

FILE=_i4div
                                  000f4496  000f4518        83
  __i4div
                                  000f4496        83   func ,g         0

FILE=_i4divu
                                  000f451a  000f4566        4d
  __i4divU
                                  000f451a        4d   func ,g         0

FILE=_i4modu
                                  000f4568  000f45b2        4b
  __i4modU
                                  000f4568        4b   func ,g         0

FILE=_i4mulu
                                  000f45b4  000f45cf        1c
  __i4mulU
                                  000f45b4        1c   func ,g         0

FILE=_i4tof8
                                  000f45d0  000f45f1        22
  __i4tof8
                                  000f45d0        22   func ,g         0

FILE=_i4utof4
                                  000f45f2  000f4613        22
  __i4Utof4
                                  000f45f2        22   func ,g         0

FILE=_ltof
                                  000f4614  000f46e7        d4
  $_ltof
                                  000f4614        d4   func ,g         0

FILE=bcopy
                                  000f46e8  000f471c        35
  _bcopy
                                  000f46e8        35   func ,g         0

FILE=bzero
                                  000f471e  000f4745        28
  _bzero
                                  000f471e        28   func ,g         0

FILE=malloc
                                  000f4746  000f491e       1d9
  _malloc
                                  000f4746        63   func ,g         0

FILE=memcpy
                                  000f4920  000f496e        4f
  _memcpy
                                  000f4920        4f   func ,g         0

FILE=memset
                                  000f4970  000f49b0        41
  $memset
                                  000f4970        41   func ,g         0

FILE=strcmp
                                  000f49b2  000f49e6        35
  _strcmp
                                  000f49b2        35   func ,g         0

FILE=_strcpy
                                  000f49e8  000f4a23        3c
  _strcpy
                                  000f49e8         0   func ,g         0

FILE=strlen
                                  000f4a24  000f4a4e        2b
  _strlen
                                  000f4a24        2b   func ,g         0

FILE=vsprintf
                                  000f4a50  000f4b06        b7
  _vsprintf
                                  000f4a50        9f   func ,g         0

FILE=_f4muls
                                  000f4b08  000f4bb7        b0
  __f4mul
                                  000f4b2c         0   func ,g         0

FILE=_f4rets
                                  000f4bb8  000f4be9        32
  __f4retInf
                                  000f4bc2         0   none ,g         0
  __f4retNaN
                                  000f4bb8         0   none ,g         0
  __f4retNum
                                  000f4bd2         0   none ,g         0
  __f4retZero
                                  000f4bbe         0   none ,g         0

FILE=_f4ltor
                                  000f4bea  000f4c2f        46
  $_f4ltor
                                  000f4bea        46   func ,g         0

FILE=_f4rtol
                                  000f4c30  000f4c6d        3e
  $_f4rtol
                                  000f4c30        3e   func ,g         0

FILE=_f8rtol
                                  000f4c6e  000f4cae        41
  $_f8rtol
                                  000f4c6e        41   func ,g         0

FILE=print
                                  000f4cb0  000f6628      1979
  __print
                                  000f4cb0       f53   func ,g         0
  __f8prn
                                  000f5c04       556   func ,g         0
  $henkan1
                                  000f615a        42   func ,g         0
  $henkan2
                                  000f619c        55   func ,g         0
  __pri
                                  000f61f0       10e   func ,g         0
  $_f8geti
                                  000f62fe       20f   func ,g         0

FILE=_f8eq
                                  000f662a  000f66a5        7c
  __f8eq
                                  000f662a        7c   func ,g         0

FILE=_f8ge
                                  000f66a6  000f674c        a7
  __f8ge
                                  000f66a6        a7   func ,g         0

FILE=_f8lt
                                  000f674e  000f67f4        a7
  __f8lt
                                  000f674e        a7   func ,g         0

FILE=_f8ne
                                  000f67f6  000f6871        7c
  __f8ne
                                  000f67f6        7c   func ,g         0

FILE=_i8divu
                                  000f6872  000f6969        f8
  __i8divU
                                  000f6872        f8   func ,g         0

FILE=_i8modu
                                  000f696a  000f6a38        cf
  __i8modU
                                  000f696a        cf   func ,g         0

SECTION=interrupt
FILE=ncrt0_rsk
                                  000f6a39  000f6b4b       113
  $exit
                                  000f6b49         0   none ,g         0
  _exit
                                  000f6b49         0   none ,g         0
  dummy_int
                                  000f6b4b         0   none ,g         0

