##########################################
# (1) LINK INFORMATION                   #
##########################################
c:\program files (x86)\renesas\hew\tools\renesas\nc30wa\v543r00\bin\ln30.exe @C:\Users\Miguel\Documents\Renesas_Workspace\NG2S901_As2_ClimateControl\NG2S901_As2_ClimateControl\Debug\NG2S901_As2_ClimateControl.m16cl

# LINK FILE INFORMATION
ncrt0_rsk (C:\Users\Miguel\Documents\Renesas_Workspace\NG2S901_As2_ClimateControl\NG2S901_As2_ClimateControl\Debug\ncrt0_rsk.r30)
	Mar  9 19:53:33 2016

uart (C:\Users\Miguel\Documents\Renesas_Workspace\NG2S901_As2_ClimateControl\NG2S901_As2_ClimateControl\Debug\uart.r30)
	Mar  9 19:53:30 2016

7segment (C:\Users\Miguel\Documents\Renesas_Workspace\NG2S901_As2_ClimateControl\NG2S901_As2_ClimateControl\Debug\7segment.r30)
	Mar  9 19:53:26 2016

adc (C:\Users\Miguel\Documents\Renesas_Workspace\NG2S901_As2_ClimateControl\NG2S901_As2_ClimateControl\Debug\adc.r30)
	Mar  9 19:53:27 2016

FONT (C:\Users\Miguel\Documents\Renesas_Workspace\NG2S901_As2_ClimateControl\NG2S901_As2_ClimateControl\Debug\FONT.r30)
	Mar  9 18:13:31 2016

GLCD (C:\Users\Miguel\Documents\Renesas_Workspace\NG2S901_As2_ClimateControl\NG2S901_As2_ClimateControl\Debug\GLCD.r30)
	Mar  9 18:13:32 2016

hwsetup (C:\Users\Miguel\Documents\Renesas_Workspace\NG2S901_As2_ClimateControl\NG2S901_As2_ClimateControl\Debug\hwsetup.r30)
	Mar  9 18:13:33 2016

keyscan_4x4 (C:\Users\Miguel\Documents\Renesas_Workspace\NG2S901_As2_ClimateControl\NG2S901_As2_ClimateControl\Debug\keyscan_4x4.r30)
	Mar  9 18:50:29 2016

main (C:\Users\Miguel\Documents\Renesas_Workspace\NG2S901_As2_ClimateControl\NG2S901_As2_ClimateControl\Debug\main.r30)
	Mar  9 23:27:20 2016

motor (C:\Users\Miguel\Documents\Renesas_Workspace\NG2S901_As2_ClimateControl\NG2S901_As2_ClimateControl\Debug\motor.r30)
	Mar  9 19:53:28 2016

motor_sound (C:\Users\Miguel\Documents\Renesas_Workspace\NG2S901_As2_ClimateControl\NG2S901_As2_ClimateControl\Debug\motor_sound.r30)
	Mar  9 18:57:31 2016

print (C:\Users\Miguel\Documents\Renesas_Workspace\NG2S901_As2_ClimateControl\NG2S901_As2_ClimateControl\Debug\print.r30)
	Mar  9 19:53:31 2016

thermistor (C:\Users\Miguel\Documents\Renesas_Workspace\NG2S901_As2_ClimateControl\NG2S901_As2_ClimateControl\Debug\thermistor.r30)
	Mar  9 19:53:30 2016

timer (C:\Users\Miguel\Documents\Renesas_Workspace\NG2S901_As2_ClimateControl\NG2S901_As2_ClimateControl\Debug\timer.r30)
	Mar  9 18:13:37 2016

bluetooth_control (C:\Users\Miguel\Documents\Renesas_Workspace\NG2S901_As2_ClimateControl\NG2S901_As2_ClimateControl\Debug\bluetooth_control.r30)
	Mar  9 19:53:26 2016

DS1307 (C:\Users\Miguel\Documents\Renesas_Workspace\NG2S901_As2_ClimateControl\NG2S901_As2_ClimateControl\Debug\DS1307.r30)
	Mar  9 19:53:29 2016

DS1621 (C:\Users\Miguel\Documents\Renesas_Workspace\NG2S901_As2_ClimateControl\NG2S901_As2_ClimateControl\Debug\DS1621.r30)
	Mar  9 19:53:29 2016

extra (C:\Users\Miguel\Documents\Renesas_Workspace\NG2S901_As2_ClimateControl\NG2S901_As2_ClimateControl\Debug\extra.r30)
	Mar  9 23:32:50 2016

i2c (C:\Users\Miguel\Documents\Renesas_Workspace\NG2S901_As2_ClimateControl\NG2S901_As2_ClimateControl\Debug\i2c.r30)
	Mar  9 19:53:28 2016

ISR_DEFs (C:\Users\Miguel\Documents\Renesas_Workspace\NG2S901_As2_ClimateControl\NG2S901_As2_ClimateControl\Debug\ISR_DEFs.r30)
	Mar  9 19:53:32 2016

M24C04 (C:\Users\Miguel\Documents\Renesas_Workspace\NG2S901_As2_ClimateControl\NG2S901_As2_ClimateControl\Debug\M24C04.r30)
	Mar  9 19:53:27 2016

_f4tof8 (c:\program files (x86)\renesas\hew\tools\renesas\nc30wa\v543r00\lib30\nc30lib.lib)
	Feb 15 20:19:32 2007

_f4toi4u (c:\program files (x86)\renesas\hew\tools\renesas\nc30wa\v543r00\lib30\nc30lib.lib)
	Feb 15 20:19:32 2007

_f8add (c:\program files (x86)\renesas\hew\tools\renesas\nc30wa\v543r00\lib30\nc30lib.lib)
	Feb 15 20:19:33 2007

_f8ltor (c:\program files (x86)\renesas\hew\tools\renesas\nc30wa\v543r00\lib30\nc30lib.lib)
	Feb 15 20:19:34 2007

_f8mul (c:\program files (x86)\renesas\hew\tools\renesas\nc30wa\v543r00\lib30\nc30lib.lib)
	Feb 15 20:19:34 2007

_f8toi4u (c:\program files (x86)\renesas\hew\tools\renesas\nc30wa\v543r00\lib30\nc30lib.lib)
	Feb 15 20:19:36 2007

_ftol (c:\program files (x86)\renesas\hew\tools\renesas\nc30wa\v543r00\lib30\nc30lib.lib)
	Feb 15 20:19:36 2007

_i4div (c:\program files (x86)\renesas\hew\tools\renesas\nc30wa\v543r00\lib30\nc30lib.lib)
	Feb 15 20:19:36 2007

_i4divu (c:\program files (x86)\renesas\hew\tools\renesas\nc30wa\v543r00\lib30\nc30lib.lib)
	Feb 15 20:19:37 2007

_i4modu (c:\program files (x86)\renesas\hew\tools\renesas\nc30wa\v543r00\lib30\nc30lib.lib)
	Feb 15 20:19:37 2007

_i4mulu (c:\program files (x86)\renesas\hew\tools\renesas\nc30wa\v543r00\lib30\nc30lib.lib)
	Feb 15 20:19:37 2007

_i4tof8 (c:\program files (x86)\renesas\hew\tools\renesas\nc30wa\v543r00\lib30\nc30lib.lib)
	Feb 15 20:19:38 2007

_i4utof4 (c:\program files (x86)\renesas\hew\tools\renesas\nc30wa\v543r00\lib30\nc30lib.lib)
	Feb 15 20:19:38 2007

_ltof (c:\program files (x86)\renesas\hew\tools\renesas\nc30wa\v543r00\lib30\nc30lib.lib)
	Feb 15 20:19:40 2007

_mbase (c:\program files (x86)\renesas\hew\tools\renesas\nc30wa\v543r00\lib30\nc30lib.lib)
	Feb 15 20:19:40 2007

bcopy (c:\program files (x86)\renesas\hew\tools\renesas\nc30wa\v543r00\lib30\nc30lib.lib)
	Feb 15 20:19:43 2007

bzero (c:\program files (x86)\renesas\hew\tools\renesas\nc30wa\v543r00\lib30\nc30lib.lib)
	Feb 15 20:19:43 2007

mdata (c:\program files (x86)\renesas\hew\tools\renesas\nc30wa\v543r00\lib30\nc30lib.lib)
	Feb 15 20:19:57 2007

memcpy (c:\program files (x86)\renesas\hew\tools\renesas\nc30wa\v543r00\lib30\nc30lib.lib)
	Feb 15 20:19:58 2007

memset (c:\program files (x86)\renesas\hew\tools\renesas\nc30wa\v543r00\lib30\nc30lib.lib)
	Feb 15 20:19:59 2007

sprintf (c:\program files (x86)\renesas\hew\tools\renesas\nc30wa\v543r00\lib30\nc30lib.lib)
	Feb 15 20:20:16 2007

strchr (c:\program files (x86)\renesas\hew\tools\renesas\nc30wa\v543r00\lib30\nc30lib.lib)
	Feb 15 20:20:16 2007

strcmp (c:\program files (x86)\renesas\hew\tools\renesas\nc30wa\v543r00\lib30\nc30lib.lib)
	Feb 15 20:20:16 2007

_strcpy (c:\program files (x86)\renesas\hew\tools\renesas\nc30wa\v543r00\lib30\nc30lib.lib)
	Feb 15 20:20:17 2007

strlen (c:\program files (x86)\renesas\hew\tools\renesas\nc30wa\v543r00\lib30\nc30lib.lib)
	Feb 15 20:20:18 2007

vsprintf (c:\program files (x86)\renesas\hew\tools\renesas\nc30wa\v543r00\lib30\nc30lib.lib)
	Feb 15 20:20:22 2007

_f4muls (c:\program files (x86)\renesas\hew\tools\renesas\nc30wa\v543r00\lib30\nc30lib.lib)
	Feb 15 20:18:05 2007

_f4rets (c:\program files (x86)\renesas\hew\tools\renesas\nc30wa\v543r00\lib30\nc30lib.lib)
	Feb 15 20:18:05 2007

_f4ltor (c:\program files (x86)\renesas\hew\tools\renesas\nc30wa\v543r00\lib30\nc30lib.lib)
	Feb 15 20:19:31 2007

_f4rtol (c:\program files (x86)\renesas\hew\tools\renesas\nc30wa\v543r00\lib30\nc30lib.lib)
	Feb 15 20:19:32 2007

_f8rtol (c:\program files (x86)\renesas\hew\tools\renesas\nc30wa\v543r00\lib30\nc30lib.lib)
	Feb 15 20:19:35 2007

print (c:\program files (x86)\renesas\hew\tools\renesas\nc30wa\v543r00\lib30\nc30lib.lib)
	Feb 15 20:20:12 2007

_f8eq (c:\program files (x86)\renesas\hew\tools\renesas\nc30wa\v543r00\lib30\nc30lib.lib)
	Feb 15 20:19:33 2007

_f8ge (c:\program files (x86)\renesas\hew\tools\renesas\nc30wa\v543r00\lib30\nc30lib.lib)
	Feb 15 20:19:34 2007

_f8lt (c:\program files (x86)\renesas\hew\tools\renesas\nc30wa\v543r00\lib30\nc30lib.lib)
	Feb 15 20:19:34 2007

_f8ne (c:\program files (x86)\renesas\hew\tools\renesas\nc30wa\v543r00\lib30\nc30lib.lib)
	Feb 15 20:19:35 2007

_i8divu (c:\program files (x86)\renesas\hew\tools\renesas\nc30wa\v543r00\lib30\nc30lib.lib)
	Feb 15 20:19:38 2007

_i8modu (c:\program files (x86)\renesas\hew\tools\renesas\nc30wa\v543r00\lib30\nc30lib.lib)
	Feb 15 20:19:38 2007

cdata (c:\program files (x86)\renesas\hew\tools\renesas\nc30wa\v543r00\lib30\nc30lib.lib)
	Feb 15 20:19:44 2007


##########################################
# (2) SECTION INFORMATION                #
##########################################
# SECTION                        ATR TYPE    START  LENGTH ALIGN MODULENAME
data_SE                          ABS DATA    000400 000000       ncrt0_rsk
bss_SE                           REL DATA    000400 000000 2     ncrt0_rsk
data_SO                          REL DATA    000400 000000       ncrt0_rsk
bss_SO                           REL DATA    000400 000000       ncrt0_rsk
data_NE                          REL DATA    000400 000000 2     ncrt0_rsk
                                 REL DATA    000400 000022 2     7segment
                                 REL DATA    000422 000012 2     GLCD
                                 REL DATA    000434 000012 2     keyscan_4x4
                                 REL DATA    000446 000002 2     main
                                 REL DATA    000448 000006 2     motor
                                 REL DATA    00044E 000004 2     bluetooth_control
                                 REL DATA    000452 00001C 2     DS1307
                                 REL DATA    00046E 000002 2     extra
                                 REL DATA    000470 000008 2     i2c
                                 REL DATA    000478 000010 2     mdata
bss_NE                           REL DATA    000488 000000 2     ncrt0_rsk
                                 REL DATA    000488 000004 2     uart
                                 REL DATA    00048C 000004 2     adc
                                 REL DATA    000490 000020 2     keyscan_4x4
                                 REL DATA    0004B0 000004 2     main
                                 REL DATA    0004B4 000004 2     motor_sound
                                 REL DATA    0004B8 000020 2     timer
                                 REL DATA    0004D8 000020 2     bluetooth_control
                                 REL DATA    0004F8 000090 2     extra
                                 REL DATA    000588 000020 2     i2c
                                 REL DATA    0005A8 00000C 2     ISR_DEFs
                                 REL DATA    0005B4 000004 2     _mbase
                                 REL DATA    0005B8 000008 2     mdata
                                 REL DATA    0005C0 000004 2     sprintf
                                 REL DATA    0005C4 000004 2     vsprintf
                                 REL DATA    0005C8 000108 2     print
data_NO                          REL DATA    0006D0 000000       ncrt0_rsk
                                 REL DATA    0006D0 00054F       FONT
                                 REL DATA    000C1F 000001       keyscan_4x4
                                 REL DATA    000C20 000001       main
                                 REL DATA    000C21 000002       motor
                                 REL DATA    000C23 000001       DS1307
                                 REL DATA    000C24 000001       extra
                                 REL DATA    000C25 000002       i2c
                                 REL DATA    000C27 000001       ISR_DEFs
bss_NO                           REL DATA    000C28 000000       ncrt0_rsk
                                 REL DATA    000C28 000002       GLCD
                                 REL DATA    000C2A 000015       keyscan_4x4
                                 REL DATA    000C3F 00000A       main
                                 REL DATA    000C49 000001       thermistor
                                 REL DATA    000C4A 000012       DS1307
                                 REL DATA    000C5C 00026A       print
stack                            REL DATA    000EC6 000600       ncrt0_rsk
heap                             REL DATA    0014C6 000300       ncrt0_rsk
rom_NE                           REL ROMDATA 0017C6 000000 2     ncrt0_rsk
rom_NO                           REL ROMDATA 0017C6 000000       ncrt0_rsk
data_FE                          ABS DATA    010000 000000       ncrt0_rsk
bss_FE                           REL DATA    010000 000000 2     ncrt0_rsk
data_FO                          REL DATA    010000 000000       ncrt0_rsk
bss_FO                           REL DATA    010000 000000       ncrt0_rsk
rom_FE                           ABS ROMDATA 0F0000 000000       ncrt0_rsk
                                 REL ROMDATA 0F0000 000088 2     thermistor
rom_FO                           REL ROMDATA 0F0088 000000       ncrt0_rsk
                                 REL ROMDATA 0F0088 000498       main
                                 REL ROMDATA 0F0520 00003E       bluetooth_control
                                 REL ROMDATA 0F055E 000069       DS1307
                                 REL ROMDATA 0F05C7 00000A       print
                                 REL ROMDATA 0F05D1 000101       cdata
data_SEI                         REL ROMDATA 0F06D2 000000       ncrt0_rsk
data_SOI                         REL ROMDATA 0F06D2 000000       ncrt0_rsk
data_NEI                         REL ROMDATA 0F06D2 000000       ncrt0_rsk
                                 REL ROMDATA 0F06D2 000022       7segment
                                 REL ROMDATA 0F06F4 000012       GLCD
                                 REL ROMDATA 0F0706 000012       keyscan_4x4
                                 REL ROMDATA 0F0718 000002       main
                                 REL ROMDATA 0F071A 000006       motor
                                 REL ROMDATA 0F0720 000004       bluetooth_control
                                 REL ROMDATA 0F0724 00001C       DS1307
                                 REL ROMDATA 0F0740 000002       extra
                                 REL ROMDATA 0F0742 000008       i2c
                                 REL ROMDATA 0F074A 000010       mdata
data_NOI                         REL ROMDATA 0F075A 000000       ncrt0_rsk
                                 REL ROMDATA 0F075A 00054F       FONT
                                 REL ROMDATA 0F0CA9 000001       keyscan_4x4
                                 REL ROMDATA 0F0CAA 000001       main
                                 REL ROMDATA 0F0CAB 000002       motor
                                 REL ROMDATA 0F0CAD 000001       DS1307
                                 REL ROMDATA 0F0CAE 000001       extra
                                 REL ROMDATA 0F0CAF 000002       i2c
                                 REL ROMDATA 0F0CB1 000001       ISR_DEFs
data_FEI                         REL ROMDATA 0F0CB2 000000       ncrt0_rsk
data_FOI                         REL ROMDATA 0F0CB2 000000       ncrt0_rsk
switch_table                     REL ROMDATA 0F0CB2 000000       ncrt0_rsk
program                          REL CODE    0F0CB2 000000       ncrt0_rsk
                                 REL CODE    0F0CB2 0001D3 2     uart
                                 REL CODE    0F0E86 0000FE 2     7segment
                                 REL CODE    0F0F84 000101 2     adc
                                 REL CODE    0F1086 0007D1 2     GLCD
                                 REL CODE    0F1858 0000E3 2     hwsetup
                                 REL CODE    0F193C 000241 2     keyscan_4x4
                                 REL CODE    0F1B7E 000BD9 2     main
                                 REL CODE    0F2758 0002BA 2     motor
                                 REL CODE    0F2A12 000155 2     motor_sound
                                 REL CODE    0F2B68 000198 2     print
                                 REL CODE    0F2D00 0000B0 2     thermistor
                                 REL CODE    0F2DB0 00038A 2     timer
                                 REL CODE    0F313A 0002DD 2     bluetooth_control
                                 REL CODE    0F3418 00092B 2     DS1307
                                 REL CODE    0F3D44 000133 2     DS1621
                                 REL CODE    0F3E78 00017C 2     extra
                                 REL CODE    0F3FF4 0003B0 2     i2c
                                 REL CODE    0F43A4 000113 2     ISR_DEFs
                                 REL CODE    0F44B8 0000CC 2     M24C04
                                 REL CODE    0F4584 000086 2     _f4tof8
                                 REL CODE    0F460A 000025 2     _f4toi4u
                                 REL CODE    0F4630 00091B 2     _f8add
                                 REL CODE    0F4F4C 000054 2     _f8ltor
                                 REL CODE    0F4FA0 0002C7 2     _f8mul
                                 REL CODE    0F5268 000025 2     _f8toi4u
                                 REL CODE    0F528E 000111 2     _ftol
                                 REL CODE    0F53A0 000083 2     _i4div
                                 REL CODE    0F5424 00004D 2     _i4divu
                                 REL CODE    0F5472 00004B 2     _i4modu
                                 REL CODE    0F54BE 00001C 2     _i4mulu
                                 REL CODE    0F54DA 000022 2     _i4tof8
                                 REL CODE    0F54FC 000022 2     _i4utof4
                                 REL CODE    0F551E 0000D4 2     _ltof
                                 REL CODE    0F55F2 000035 2     bcopy
                                 REL CODE    0F5628 000028 2     bzero
                                 REL CODE    0F5650 00004F 2     memcpy
                                 REL CODE    0F56A0 000041 2     memset
                                 REL CODE    0F56E2 0000D3 2     sprintf
                                 REL CODE    0F57B6 000035 2     strchr
                                 REL CODE    0F57EC 000035 2     strcmp
                                 REL CODE    0F5822 00003C 2     _strcpy
                                 REL CODE    0F585E 00002B 2     strlen
                                 REL CODE    0F588A 0000B7 2     vsprintf
                                 REL CODE    0F5942 0000B0 2     _f4muls
                                 REL CODE    0F59F2 000032 2     _f4rets
                                 REL CODE    0F5A24 000046 2     _f4ltor
                                 REL CODE    0F5A6A 00003E 2     _f4rtol
                                 REL CODE    0F5AA8 000041 2     _f8rtol
                                 REL CODE    0F5AEA 001979 2     print
                                 REL CODE    0F7464 00007C 2     _f8eq
                                 REL CODE    0F74E0 0000A7 2     _f8ge
                                 REL CODE    0F7588 0000A7 2     _f8lt
                                 REL CODE    0F7630 00007C 2     _f8ne
                                 REL CODE    0F76AC 0000F8 2     _i8divu
                                 REL CODE    0F77A4 0000CF 2     _i8modu
interrupt                        REL CODE    0F7873 000000       ncrt0_rsk
                                 REL CODE    0F7873 000113       ncrt0_rsk
program_S                        REL CODE    0F7986 000000       ncrt0_rsk
vector                           ABS ROMDATA 0FFD00 000100       ncrt0_rsk
svector                          ABS ROMDATA 0FFE00 000000       ncrt0_rsk
fvector                          ABS ROMDATA 0FFFFC 000004       ncrt0_rsk
# Total -------------------------------------------------------------------
                                     DATA           0013C6(0005062) Byte(s)
                                     ROMDATA        000DB6(0003510) Byte(s)
                                     CODE           006CD4(0027860) Byte(s)

##########################################
# (3) GLOBAL LABEL INFORMATION           #
##########################################
$GLCD_Circle       0f1710  $GLCD_GoTo         0f15dc  $GLCD_Rectangle    0f16a2
$GLCD_WriteChar    0f13e8  $LcdDataWrite      0f1170  $LcdInstructionW   0f119e
$LcdSelectSide     0f1130  $LcdSetDot         0f130c  $_f4ltor           0f5a24
$_f4rtol           0f5a6a  $_f8geti           0f7138  $_f8ltor           0f4f4c
$_f8rtol           0f5aa8  $_ftol             0f528e  $_inmod            0f7348
$_ltof             0f551e  $adc_read          0f1044  $bcd2dec           0f3444
$bcd_to_7seg       0f0eca  $bin_2_bcd         0f0e9e  $btooth_exec_cmd   0f313a
$check_i2c         0f2696  $dec2bcd           0f3418  $eeprom_read       0f4528
$eeprom_read_buf   0f453c  $eeprom_write      0f44d2  $eeprom_write_bu   0f44fc
$exit              0f7983  $henkan1           0f6f94  $henkan2           0f6fd6
$i2c_ping_slave    0f437c  $i2c_read          0f41d6  $i2c_read_buff     0f4216
$i2c_send          0f4174  $i2c_send_and_re   0f42a0  $i2c_send_and_re   0f42f0
$i2c_send_str      0f419a  $i2c_set_ack       0f414c  $i2c_thermistor_   0f3db4
$i2c_thermistor_   0f3dc8  $i2c_thermistor_   0f3d44  $i2c_thermistor_   0f3d58
$i2c_thermistor_   0f3d7c  $i2c_thermistor_   0f3e52  $i2c_thermistor_   0f3dfe
$i2c_transmit      0f415a  $memset            0f56a0  $motor_spin        0f29d4
$motor_tone        0f2a8a  $motor_tone_us     0f2a12  $motor_update_pw   0f2758
$motor_update_rp   0f27a8  $read_string       0f1b3a  $rtc_read_time_f   0f3c3c
$rtc_selreg        0f35a8  $rtc_set_hours     0f3a78  $rtc_set_minutes   0f3a5e
$rtc_set_month     0f3b06  $rtc_set_monthda   0f3ae8  $rtc_set_seconds   0f3a36
$rtc_set_weekday   0f3aca  $rtc_set_year      0f3b24  $rtc_switch_mode   0f3712
$rtc_write         0f3584  $seg_update        0f0f00  $set_isr_priorit   0f43c4
$set_temperature   0f1b8a  $set_temperature   0f1ba4  $strchr            0f57b6
$thermistor_togg   0f2d38  $timer_deinit      0f3050  $timer_uninstall   0f3126
$uart_receive      0f3280  $uart_receive_st   0f31ea  $uart_write        0f0d98
$uart_writebuff    0f0dd4  $uninstall_cback   0f4450  $validate_authen   0f1cac
_ADC_Interrupt     0f1070  _FontSystem3x6     0006d0  _FontSystem5x8     000793
_FontSystem7x8     000978  _Font_System3x6    00042e  _Font_System5x8    000422
_Font_System7x8    000428  _GLCD_ClearScree   0f122a  _GLCD_DisplayPic   0f127e
_GLCD_DisplayVal   0f161e  _GLCD_Initialise   0f10a8  _GLCD_WriteStrin   0f15ae
_GLCD_getXY        0f1822  _INT0              0f4476  _INT1              0f448c
_INT2              0f44a2  _Initialise        0f1858  _KYB               0f1a94
_LcdDataRead       0f11cc  _LcdDelay          0f1086  _LcdWaitBusy       0f11fe
_Timer_A0          0f1a66  _Timer_A1          0f2db0  _Timer_A2          0f2dc6
_Timer_A3          0f2ddc  _Timer_A4          0f2df2  _Timer_B0          0f2e08
_Timer_B1          0f2e1e  _Timer_B2          0f2e34  _U0rec_ISR         0f0e64
__ctype            0f05d1  __f4mul            0f5966  __f4retInf         0f59fc
__f4retNaN         0f59f2  __f4retNum         0f5a0c  __f4retZero        0f59f8
__f4tof8           0f4584  __f4toi4U          0f460a  __f8add            0f4630
__f8eq             0f7464  __f8ge             0f74e0  __f8lt             0f7588
__f8mul            0f4fa0  __f8ne             0f7630  __f8prn            0f6a3e
__f8toi4U          0f5268  __i4Utof4          0f54fc  __i4div            0f53a0
__i4divU           0f5424  __i4modU           0f5472  __i4mulU           0f54be
__i4tof8           0f54da  __i8divU           0f76ac  __i8modU           0f77a4
__mbase            0005b4  __memt             000480  __mnext            0005b8
__msize            0005bc  __pool             000478  __pri              0f702a
__print            0f5aea  _adc_cback         00048c  _adc_deinit        0f1032
_adc_init          0f0fbc  _adc_init_easy     0f0f84  _authenticate      0f1c86
_ball              000500  _bcd_table         000400  _bcd_table_hex     000414
_bcopy             0f55f2  _blocks            000508  _bluetooth_contr   0f332c
_bluetooth_contr   0f32d0  _bluetooth_show_   0f3366  _btooth_preload    000450
_bzero             0f5628  _change_pincode_   0f2148  _change_temperat   0f1d50
_change_thermist   0f222e  _climate_control   0f231e  _ctr               000c1f
_current_temp      0004b0  _current_thermis   000c49  _deinit_motor      0f29a2
_deinit_motor_so   0f2b3e  _deinit_rtc        0f36b4  _delay             0f0cb2
_desired_temp      0004b2  _eeprom_deinit     0f44ce  _eeprom_disable_   0f44be
_eeprom_enable_w   0f44b8  _eeprom_init       0f44c4  _enable_extra      000c24
_encoder_init      0f28bc  _encoder_oneshot   000c22  _encoder_trigger   0f282c
_exit              0f7983  _extra_cback       0f3fe8  _extra_deinit      0f3f8a
_extra_init        0f3f98  _get_desired_tem   0f1b84  _get_temperature   0f1b7e
_getcommand        0f1b04  _handle_input      0f3e86  _hold_delay        000444
_i                 00044e  _i2c_busy          000c25  _i2c_deinit        0f4072
_i2c_delay         0f4028  _i2c_disable_rx    0f4114  _i2c_disable_tx    0f412e
_i2c_enable_rx     0f410c  _i2c_enable_tx     0f411a  _i2c_flush_tx      0f40fa
_i2c_init          0f403c  _i2c_is_busy       0f4024  _i2c_is_inititia   000c26
_i2c_is_nack       0f4142  _i2c_is_schedule   0f4004  _i2c_read_buffer   000588
_i2c_restart       0f409a  _i2c_set_schedul   0f3ff4  _i2c_start         0f4080
_i2c_stop          0f40b4  _i2c_thermistor_   0f3e44  _i2c_thermistor_   0f3e36
_i2c_thermistor_   0f3e48  _i2c_thermistor_   0f3e70  _i2c_thermistor_   0f3e2e
_i2c_wait_n_ack    0f4134  _init_7seg         0f0e86  _init_entities     0f3e92
_init_isr          0f43c0  _init_motor        0f2920  _init_motor_soun   0f2b04
_init_rtc          0f36a2  _install_cback     0f442a  _intro             0f25ec
_isr_callbacks     0005a8  _keypad            000c2a  _keypad_4x4_flus   0f197e
_keypad_4x4_iske   0f1b0e  _keypad_4x4_read   0f1ab8  _keypad_4x4_scan   0f19cc
_keypad_4x4_wait   0f1b12  _keypad_4x4_wait   0f1b24  _keypad_buff_cpy   000490
_keypad_delay      0f199c  _keypad_matrix     000434  _keypad_string_b   0004a0
_keyscan_4x4_cle   0f19b2  _keyscan_4x4_ini   0f193c  _load_pincode      0f1bec
_main              0f26e2  _main_loop         0f3f66  _managing_climat   000c20
_memcpy            0f5650  _motor_adjust_to   00044a  _motor_cback       0f285a
_motor_get_direc   0f2a0e  _motor_read_rpm    0f2a08  _motor_rpm         000448
_motor_stop        0f29c4  _ms_elapsed        00044c  _old_tick          000c23
_oldreg            0004b6  _oldreg_dir        0004b4  _pinBuffer         000c44
_pincode           000c3f  _player            0004f8  _potVal            000446
_potValue          00046e  _pot_cback         0f1d40  _potentiometer_c   0f3f7a
_printf            0f2b68  _printf_at         0f2bc6  _printf_at_rl      0f2c58
_priority_counte   000c27  _read_clock        0f3784  _read_key          0f1b28
_read_pin          0f1c20  _render            0f3e78  _request_pincode   0f2570
_rtc_bcd_to_dec    0f3468  _rtc_get_hours     0f37b2  _rtc_get_minutes   0f37a6
_rtc_get_month     0f37ee  _rtc_get_monthda   0f37e2  _rtc_get_seconds   0f3796
_rtc_get_weekday   0f37d6  _rtc_get_year      0f37fa  _rtc_has_ticked    0f3c28
_rtc_is12H         0f36b6  _rtc_isPM          0f36c6  _rtc_is_stopped    0f3bc2
_rtc_reset         0f3c0c  _rtc_set24H        0f36ec  _rtc_setAM         0f36f8
_rtc_setPM         0f3706  _rtc_set_clock     0f3868  _rtc_start         0f3bde
_rtc_stop          0f3bac  _rx_buff           0004e8  _sched             000470
_sched_copy        000474  _seg_turnoff       0f0f78  _set_new_pincode   0f1bb8
_set_time_menu     0f1eb8  _settings_menu     0f2284  _spinning_direct   000c21
_sprintf           0f56e2  _strcmp            0f57ec  _strcpy            0f5822
_strlen            0f585e  _temp_lookup       0f0000  _thermistor_dein   0f2d2e
_thermistor_init   0f2d00  _thermistor_read   0f2d82  _thermistor_type   0f2dac
_timer_cback_lis   0004b8  _timer_deinit_al   0f30fc  _timer_init        0f2e4a
_timer_install_c   0f3112  _u8CursorX         000c28  _u8CursorY         000c29
_uart_cback_list   000488  _uart_cmd_schedu   0f31b8  _uart_cmd_schedu   0004d8
_uart_deinit       0f0d38  _uart_init         0f0ccc  _uart_install_cb   0f0e4a
_uart_read         0f0dfa  _uart_read_async   0f0e20  _uart_uninstall_   0f0e5a
_uart_writestr     0f0dac  _uninstall_all_c   0f43a4  _update            0f3e84
_update_clock      0f35bc  _update_new_cloc   0f3648  _vsprintf          0f588a
_weekdays          000452  dummy_int          0f7985  start              0f7873

##########################################
# (4) GLOBAL EQU SYMBOL INFORMATION      #
##########################################
__SB__           00000400  

##########################################
# (5) GLOBAL EQU BIT-SYMBOL INFORMATION  #
##########################################

##########################################
# (6) LOCAL LABEL INFORMATION            #
##########################################
@ ncrt0_rsk ( C:\Users\Miguel\Documents\Renesas_Workspace\NG2S901_As2_ClimateControl\NG2S901_As2_ClimateControl\Debug\ncrt0_rsk.r30 )
@ uart ( C:\Users\Miguel\Documents\Renesas_Workspace\NG2S901_As2_ClimateControl\NG2S901_As2_ClimateControl\Debug\uart.r30 )
@ 7segment ( C:\Users\Miguel\Documents\Renesas_Workspace\NG2S901_As2_ClimateControl\NG2S901_As2_ClimateControl\Debug\7segment.r30 )
@ adc ( C:\Users\Miguel\Documents\Renesas_Workspace\NG2S901_As2_ClimateControl\NG2S901_As2_ClimateControl\Debug\adc.r30 )
@ FONT ( C:\Users\Miguel\Documents\Renesas_Workspace\NG2S901_As2_ClimateControl\NG2S901_As2_ClimateControl\Debug\FONT.r30 )
@ GLCD ( C:\Users\Miguel\Documents\Renesas_Workspace\NG2S901_As2_ClimateControl\NG2S901_As2_ClimateControl\Debug\GLCD.r30 )
@ hwsetup ( C:\Users\Miguel\Documents\Renesas_Workspace\NG2S901_As2_ClimateControl\NG2S901_As2_ClimateControl\Debug\hwsetup.r30 )
@ keyscan_4x4 ( C:\Users\Miguel\Documents\Renesas_Workspace\NG2S901_As2_ClimateControl\NG2S901_As2_ClimateControl\Debug\keyscan_4x4.r30 )
@ main ( C:\Users\Miguel\Documents\Renesas_Workspace\NG2S901_As2_ClimateControl\NG2S901_As2_ClimateControl\Debug\main.r30 )
@ motor ( C:\Users\Miguel\Documents\Renesas_Workspace\NG2S901_As2_ClimateControl\NG2S901_As2_ClimateControl\Debug\motor.r30 )
@ motor_sound ( C:\Users\Miguel\Documents\Renesas_Workspace\NG2S901_As2_ClimateControl\NG2S901_As2_ClimateControl\Debug\motor_sound.r30 )
@ print ( C:\Users\Miguel\Documents\Renesas_Workspace\NG2S901_As2_ClimateControl\NG2S901_As2_ClimateControl\Debug\print.r30 )
@ thermistor ( C:\Users\Miguel\Documents\Renesas_Workspace\NG2S901_As2_ClimateControl\NG2S901_As2_ClimateControl\Debug\thermistor.r30 )
@ timer ( C:\Users\Miguel\Documents\Renesas_Workspace\NG2S901_As2_ClimateControl\NG2S901_As2_ClimateControl\Debug\timer.r30 )
@ bluetooth_control ( C:\Users\Miguel\Documents\Renesas_Workspace\NG2S901_As2_ClimateControl\NG2S901_As2_ClimateControl\Debug\bluetooth_control.r30 )
@ DS1307 ( C:\Users\Miguel\Documents\Renesas_Workspace\NG2S901_As2_ClimateControl\NG2S901_As2_ClimateControl\Debug\DS1307.r30 )
@ DS1621 ( C:\Users\Miguel\Documents\Renesas_Workspace\NG2S901_As2_ClimateControl\NG2S901_As2_ClimateControl\Debug\DS1621.r30 )
@ extra ( C:\Users\Miguel\Documents\Renesas_Workspace\NG2S901_As2_ClimateControl\NG2S901_As2_ClimateControl\Debug\extra.r30 )
@ i2c ( C:\Users\Miguel\Documents\Renesas_Workspace\NG2S901_As2_ClimateControl\NG2S901_As2_ClimateControl\Debug\i2c.r30 )
@ ISR_DEFs ( C:\Users\Miguel\Documents\Renesas_Workspace\NG2S901_As2_ClimateControl\NG2S901_As2_ClimateControl\Debug\ISR_DEFs.r30 )
@ M24C04 ( C:\Users\Miguel\Documents\Renesas_Workspace\NG2S901_As2_ClimateControl\NG2S901_As2_ClimateControl\Debug\M24C04.r30 )
@ _f4tof8 ( c:\program files (x86)\renesas\hew\tools\renesas\nc30wa\v543r00\lib30\nc30lib.lib )
@ _f4toi4u ( c:\program files (x86)\renesas\hew\tools\renesas\nc30wa\v543r00\lib30\nc30lib.lib )
@ _f8add ( c:\program files (x86)\renesas\hew\tools\renesas\nc30wa\v543r00\lib30\nc30lib.lib )
@ _f8ltor ( c:\program files (x86)\renesas\hew\tools\renesas\nc30wa\v543r00\lib30\nc30lib.lib )
@ _f8mul ( c:\program files (x86)\renesas\hew\tools\renesas\nc30wa\v543r00\lib30\nc30lib.lib )
@ _f8toi4u ( c:\program files (x86)\renesas\hew\tools\renesas\nc30wa\v543r00\lib30\nc30lib.lib )
@ _ftol ( c:\program files (x86)\renesas\hew\tools\renesas\nc30wa\v543r00\lib30\nc30lib.lib )
@ _i4div ( c:\program files (x86)\renesas\hew\tools\renesas\nc30wa\v543r00\lib30\nc30lib.lib )
@ _i4divu ( c:\program files (x86)\renesas\hew\tools\renesas\nc30wa\v543r00\lib30\nc30lib.lib )
@ _i4modu ( c:\program files (x86)\renesas\hew\tools\renesas\nc30wa\v543r00\lib30\nc30lib.lib )
@ _i4mulu ( c:\program files (x86)\renesas\hew\tools\renesas\nc30wa\v543r00\lib30\nc30lib.lib )
@ _i4tof8 ( c:\program files (x86)\renesas\hew\tools\renesas\nc30wa\v543r00\lib30\nc30lib.lib )
@ _i4utof4 ( c:\program files (x86)\renesas\hew\tools\renesas\nc30wa\v543r00\lib30\nc30lib.lib )
@ _ltof ( c:\program files (x86)\renesas\hew\tools\renesas\nc30wa\v543r00\lib30\nc30lib.lib )
@ _mbase ( c:\program files (x86)\renesas\hew\tools\renesas\nc30wa\v543r00\lib30\nc30lib.lib )
@ bcopy ( c:\program files (x86)\renesas\hew\tools\renesas\nc30wa\v543r00\lib30\nc30lib.lib )
@ bzero ( c:\program files (x86)\renesas\hew\tools\renesas\nc30wa\v543r00\lib30\nc30lib.lib )
@ mdata ( c:\program files (x86)\renesas\hew\tools\renesas\nc30wa\v543r00\lib30\nc30lib.lib )
@ memcpy ( c:\program files (x86)\renesas\hew\tools\renesas\nc30wa\v543r00\lib30\nc30lib.lib )
@ memset ( c:\program files (x86)\renesas\hew\tools\renesas\nc30wa\v543r00\lib30\nc30lib.lib )
@ sprintf ( c:\program files (x86)\renesas\hew\tools\renesas\nc30wa\v543r00\lib30\nc30lib.lib )
@ strchr ( c:\program files (x86)\renesas\hew\tools\renesas\nc30wa\v543r00\lib30\nc30lib.lib )
@ strcmp ( c:\program files (x86)\renesas\hew\tools\renesas\nc30wa\v543r00\lib30\nc30lib.lib )
@ _strcpy ( c:\program files (x86)\renesas\hew\tools\renesas\nc30wa\v543r00\lib30\nc30lib.lib )
@ strlen ( c:\program files (x86)\renesas\hew\tools\renesas\nc30wa\v543r00\lib30\nc30lib.lib )
@ vsprintf ( c:\program files (x86)\renesas\hew\tools\renesas\nc30wa\v543r00\lib30\nc30lib.lib )
@ _f4muls ( c:\program files (x86)\renesas\hew\tools\renesas\nc30wa\v543r00\lib30\nc30lib.lib )
@ _f4rets ( c:\program files (x86)\renesas\hew\tools\renesas\nc30wa\v543r00\lib30\nc30lib.lib )
@ _f4ltor ( c:\program files (x86)\renesas\hew\tools\renesas\nc30wa\v543r00\lib30\nc30lib.lib )
@ _f4rtol ( c:\program files (x86)\renesas\hew\tools\renesas\nc30wa\v543r00\lib30\nc30lib.lib )
@ _f8rtol ( c:\program files (x86)\renesas\hew\tools\renesas\nc30wa\v543r00\lib30\nc30lib.lib )
@ print ( c:\program files (x86)\renesas\hew\tools\renesas\nc30wa\v543r00\lib30\nc30lib.lib )
@ _f8eq ( c:\program files (x86)\renesas\hew\tools\renesas\nc30wa\v543r00\lib30\nc30lib.lib )
@ _f8ge ( c:\program files (x86)\renesas\hew\tools\renesas\nc30wa\v543r00\lib30\nc30lib.lib )
@ _f8lt ( c:\program files (x86)\renesas\hew\tools\renesas\nc30wa\v543r00\lib30\nc30lib.lib )
@ _f8ne ( c:\program files (x86)\renesas\hew\tools\renesas\nc30wa\v543r00\lib30\nc30lib.lib )
@ _i8divu ( c:\program files (x86)\renesas\hew\tools\renesas\nc30wa\v543r00\lib30\nc30lib.lib )
@ _i8modu ( c:\program files (x86)\renesas\hew\tools\renesas\nc30wa\v543r00\lib30\nc30lib.lib )
@ cdata ( c:\program files (x86)\renesas\hew\tools\renesas\nc30wa\v543r00\lib30\nc30lib.lib )

##########################################
# (7) LOCAL EQU SYMBOL INFORMATION       #
##########################################
@ ncrt0_rsk ( C:\Users\Miguel\Documents\Renesas_Workspace\NG2S901_As2_ClimateControl\NG2S901_As2_ClimateControl\Debug\ncrt0_rsk.r30 )
@ uart ( C:\Users\Miguel\Documents\Renesas_Workspace\NG2S901_As2_ClimateControl\NG2S901_As2_ClimateControl\Debug\uart.r30 )
@ 7segment ( C:\Users\Miguel\Documents\Renesas_Workspace\NG2S901_As2_ClimateControl\NG2S901_As2_ClimateControl\Debug\7segment.r30 )
@ adc ( C:\Users\Miguel\Documents\Renesas_Workspace\NG2S901_As2_ClimateControl\NG2S901_As2_ClimateControl\Debug\adc.r30 )
@ FONT ( C:\Users\Miguel\Documents\Renesas_Workspace\NG2S901_As2_ClimateControl\NG2S901_As2_ClimateControl\Debug\FONT.r30 )
@ GLCD ( C:\Users\Miguel\Documents\Renesas_Workspace\NG2S901_As2_ClimateControl\NG2S901_As2_ClimateControl\Debug\GLCD.r30 )
@ hwsetup ( C:\Users\Miguel\Documents\Renesas_Workspace\NG2S901_As2_ClimateControl\NG2S901_As2_ClimateControl\Debug\hwsetup.r30 )
@ keyscan_4x4 ( C:\Users\Miguel\Documents\Renesas_Workspace\NG2S901_As2_ClimateControl\NG2S901_As2_ClimateControl\Debug\keyscan_4x4.r30 )
@ main ( C:\Users\Miguel\Documents\Renesas_Workspace\NG2S901_As2_ClimateControl\NG2S901_As2_ClimateControl\Debug\main.r30 )
@ motor ( C:\Users\Miguel\Documents\Renesas_Workspace\NG2S901_As2_ClimateControl\NG2S901_As2_ClimateControl\Debug\motor.r30 )
@ motor_sound ( C:\Users\Miguel\Documents\Renesas_Workspace\NG2S901_As2_ClimateControl\NG2S901_As2_ClimateControl\Debug\motor_sound.r30 )
@ print ( C:\Users\Miguel\Documents\Renesas_Workspace\NG2S901_As2_ClimateControl\NG2S901_As2_ClimateControl\Debug\print.r30 )
@ thermistor ( C:\Users\Miguel\Documents\Renesas_Workspace\NG2S901_As2_ClimateControl\NG2S901_As2_ClimateControl\Debug\thermistor.r30 )
@ timer ( C:\Users\Miguel\Documents\Renesas_Workspace\NG2S901_As2_ClimateControl\NG2S901_As2_ClimateControl\Debug\timer.r30 )
@ bluetooth_control ( C:\Users\Miguel\Documents\Renesas_Workspace\NG2S901_As2_ClimateControl\NG2S901_As2_ClimateControl\Debug\bluetooth_control.r30 )
@ DS1307 ( C:\Users\Miguel\Documents\Renesas_Workspace\NG2S901_As2_ClimateControl\NG2S901_As2_ClimateControl\Debug\DS1307.r30 )
@ DS1621 ( C:\Users\Miguel\Documents\Renesas_Workspace\NG2S901_As2_ClimateControl\NG2S901_As2_ClimateControl\Debug\DS1621.r30 )
@ extra ( C:\Users\Miguel\Documents\Renesas_Workspace\NG2S901_As2_ClimateControl\NG2S901_As2_ClimateControl\Debug\extra.r30 )
@ i2c ( C:\Users\Miguel\Documents\Renesas_Workspace\NG2S901_As2_ClimateControl\NG2S901_As2_ClimateControl\Debug\i2c.r30 )
@ ISR_DEFs ( C:\Users\Miguel\Documents\Renesas_Workspace\NG2S901_As2_ClimateControl\NG2S901_As2_ClimateControl\Debug\ISR_DEFs.r30 )
@ M24C04 ( C:\Users\Miguel\Documents\Renesas_Workspace\NG2S901_As2_ClimateControl\NG2S901_As2_ClimateControl\Debug\M24C04.r30 )
@ _f4tof8 ( c:\program files (x86)\renesas\hew\tools\renesas\nc30wa\v543r00\lib30\nc30lib.lib )
@ _f4toi4u ( c:\program files (x86)\renesas\hew\tools\renesas\nc30wa\v543r00\lib30\nc30lib.lib )
@ _f8add ( c:\program files (x86)\renesas\hew\tools\renesas\nc30wa\v543r00\lib30\nc30lib.lib )
@ _f8ltor ( c:\program files (x86)\renesas\hew\tools\renesas\nc30wa\v543r00\lib30\nc30lib.lib )
@ _f8mul ( c:\program files (x86)\renesas\hew\tools\renesas\nc30wa\v543r00\lib30\nc30lib.lib )
@ _f8toi4u ( c:\program files (x86)\renesas\hew\tools\renesas\nc30wa\v543r00\lib30\nc30lib.lib )
@ _ftol ( c:\program files (x86)\renesas\hew\tools\renesas\nc30wa\v543r00\lib30\nc30lib.lib )
@ _i4div ( c:\program files (x86)\renesas\hew\tools\renesas\nc30wa\v543r00\lib30\nc30lib.lib )
@ _i4divu ( c:\program files (x86)\renesas\hew\tools\renesas\nc30wa\v543r00\lib30\nc30lib.lib )
@ _i4modu ( c:\program files (x86)\renesas\hew\tools\renesas\nc30wa\v543r00\lib30\nc30lib.lib )
@ _i4mulu ( c:\program files (x86)\renesas\hew\tools\renesas\nc30wa\v543r00\lib30\nc30lib.lib )
@ _i4tof8 ( c:\program files (x86)\renesas\hew\tools\renesas\nc30wa\v543r00\lib30\nc30lib.lib )
@ _i4utof4 ( c:\program files (x86)\renesas\hew\tools\renesas\nc30wa\v543r00\lib30\nc30lib.lib )
@ _ltof ( c:\program files (x86)\renesas\hew\tools\renesas\nc30wa\v543r00\lib30\nc30lib.lib )
@ _mbase ( c:\program files (x86)\renesas\hew\tools\renesas\nc30wa\v543r00\lib30\nc30lib.lib )
@ bcopy ( c:\program files (x86)\renesas\hew\tools\renesas\nc30wa\v543r00\lib30\nc30lib.lib )
@ bzero ( c:\program files (x86)\renesas\hew\tools\renesas\nc30wa\v543r00\lib30\nc30lib.lib )
@ mdata ( c:\program files (x86)\renesas\hew\tools\renesas\nc30wa\v543r00\lib30\nc30lib.lib )
@ memcpy ( c:\program files (x86)\renesas\hew\tools\renesas\nc30wa\v543r00\lib30\nc30lib.lib )
@ memset ( c:\program files (x86)\renesas\hew\tools\renesas\nc30wa\v543r00\lib30\nc30lib.lib )
@ sprintf ( c:\program files (x86)\renesas\hew\tools\renesas\nc30wa\v543r00\lib30\nc30lib.lib )
@ strchr ( c:\program files (x86)\renesas\hew\tools\renesas\nc30wa\v543r00\lib30\nc30lib.lib )
@ strcmp ( c:\program files (x86)\renesas\hew\tools\renesas\nc30wa\v543r00\lib30\nc30lib.lib )
@ _strcpy ( c:\program files (x86)\renesas\hew\tools\renesas\nc30wa\v543r00\lib30\nc30lib.lib )
@ strlen ( c:\program files (x86)\renesas\hew\tools\renesas\nc30wa\v543r00\lib30\nc30lib.lib )
@ vsprintf ( c:\program files (x86)\renesas\hew\tools\renesas\nc30wa\v543r00\lib30\nc30lib.lib )
@ _f4muls ( c:\program files (x86)\renesas\hew\tools\renesas\nc30wa\v543r00\lib30\nc30lib.lib )
@ _f4rets ( c:\program files (x86)\renesas\hew\tools\renesas\nc30wa\v543r00\lib30\nc30lib.lib )
@ _f4ltor ( c:\program files (x86)\renesas\hew\tools\renesas\nc30wa\v543r00\lib30\nc30lib.lib )
@ _f4rtol ( c:\program files (x86)\renesas\hew\tools\renesas\nc30wa\v543r00\lib30\nc30lib.lib )
@ _f8rtol ( c:\program files (x86)\renesas\hew\tools\renesas\nc30wa\v543r00\lib30\nc30lib.lib )
@ print ( c:\program files (x86)\renesas\hew\tools\renesas\nc30wa\v543r00\lib30\nc30lib.lib )
@ _f8eq ( c:\program files (x86)\renesas\hew\tools\renesas\nc30wa\v543r00\lib30\nc30lib.lib )
@ _f8ge ( c:\program files (x86)\renesas\hew\tools\renesas\nc30wa\v543r00\lib30\nc30lib.lib )
@ _f8lt ( c:\program files (x86)\renesas\hew\tools\renesas\nc30wa\v543r00\lib30\nc30lib.lib )
@ _f8ne ( c:\program files (x86)\renesas\hew\tools\renesas\nc30wa\v543r00\lib30\nc30lib.lib )
@ _i8divu ( c:\program files (x86)\renesas\hew\tools\renesas\nc30wa\v543r00\lib30\nc30lib.lib )
@ _i8modu ( c:\program files (x86)\renesas\hew\tools\renesas\nc30wa\v543r00\lib30\nc30lib.lib )
@ cdata ( c:\program files (x86)\renesas\hew\tools\renesas\nc30wa\v543r00\lib30\nc30lib.lib )

##########################################
# (8) LOCAL EQU BIT-SYMBOL INFORMATION   #
##########################################
@ ncrt0_rsk ( C:\Users\Miguel\Documents\Renesas_Workspace\NG2S901_As2_ClimateControl\NG2S901_As2_ClimateControl\Debug\ncrt0_rsk.r30 )
@ uart ( C:\Users\Miguel\Documents\Renesas_Workspace\NG2S901_As2_ClimateControl\NG2S901_As2_ClimateControl\Debug\uart.r30 )
@ 7segment ( C:\Users\Miguel\Documents\Renesas_Workspace\NG2S901_As2_ClimateControl\NG2S901_As2_ClimateControl\Debug\7segment.r30 )
@ adc ( C:\Users\Miguel\Documents\Renesas_Workspace\NG2S901_As2_ClimateControl\NG2S901_As2_ClimateControl\Debug\adc.r30 )
@ FONT ( C:\Users\Miguel\Documents\Renesas_Workspace\NG2S901_As2_ClimateControl\NG2S901_As2_ClimateControl\Debug\FONT.r30 )
@ GLCD ( C:\Users\Miguel\Documents\Renesas_Workspace\NG2S901_As2_ClimateControl\NG2S901_As2_ClimateControl\Debug\GLCD.r30 )
@ hwsetup ( C:\Users\Miguel\Documents\Renesas_Workspace\NG2S901_As2_ClimateControl\NG2S901_As2_ClimateControl\Debug\hwsetup.r30 )
@ keyscan_4x4 ( C:\Users\Miguel\Documents\Renesas_Workspace\NG2S901_As2_ClimateControl\NG2S901_As2_ClimateControl\Debug\keyscan_4x4.r30 )
@ main ( C:\Users\Miguel\Documents\Renesas_Workspace\NG2S901_As2_ClimateControl\NG2S901_As2_ClimateControl\Debug\main.r30 )
@ motor ( C:\Users\Miguel\Documents\Renesas_Workspace\NG2S901_As2_ClimateControl\NG2S901_As2_ClimateControl\Debug\motor.r30 )
@ motor_sound ( C:\Users\Miguel\Documents\Renesas_Workspace\NG2S901_As2_ClimateControl\NG2S901_As2_ClimateControl\Debug\motor_sound.r30 )
@ print ( C:\Users\Miguel\Documents\Renesas_Workspace\NG2S901_As2_ClimateControl\NG2S901_As2_ClimateControl\Debug\print.r30 )
@ thermistor ( C:\Users\Miguel\Documents\Renesas_Workspace\NG2S901_As2_ClimateControl\NG2S901_As2_ClimateControl\Debug\thermistor.r30 )
@ timer ( C:\Users\Miguel\Documents\Renesas_Workspace\NG2S901_As2_ClimateControl\NG2S901_As2_ClimateControl\Debug\timer.r30 )
@ bluetooth_control ( C:\Users\Miguel\Documents\Renesas_Workspace\NG2S901_As2_ClimateControl\NG2S901_As2_ClimateControl\Debug\bluetooth_control.r30 )
@ DS1307 ( C:\Users\Miguel\Documents\Renesas_Workspace\NG2S901_As2_ClimateControl\NG2S901_As2_ClimateControl\Debug\DS1307.r30 )
@ DS1621 ( C:\Users\Miguel\Documents\Renesas_Workspace\NG2S901_As2_ClimateControl\NG2S901_As2_ClimateControl\Debug\DS1621.r30 )
@ extra ( C:\Users\Miguel\Documents\Renesas_Workspace\NG2S901_As2_ClimateControl\NG2S901_As2_ClimateControl\Debug\extra.r30 )
@ i2c ( C:\Users\Miguel\Documents\Renesas_Workspace\NG2S901_As2_ClimateControl\NG2S901_As2_ClimateControl\Debug\i2c.r30 )
@ ISR_DEFs ( C:\Users\Miguel\Documents\Renesas_Workspace\NG2S901_As2_ClimateControl\NG2S901_As2_ClimateControl\Debug\ISR_DEFs.r30 )
@ M24C04 ( C:\Users\Miguel\Documents\Renesas_Workspace\NG2S901_As2_ClimateControl\NG2S901_As2_ClimateControl\Debug\M24C04.r30 )
@ _f4tof8 ( c:\program files (x86)\renesas\hew\tools\renesas\nc30wa\v543r00\lib30\nc30lib.lib )
@ _f4toi4u ( c:\program files (x86)\renesas\hew\tools\renesas\nc30wa\v543r00\lib30\nc30lib.lib )
@ _f8add ( c:\program files (x86)\renesas\hew\tools\renesas\nc30wa\v543r00\lib30\nc30lib.lib )
@ _f8ltor ( c:\program files (x86)\renesas\hew\tools\renesas\nc30wa\v543r00\lib30\nc30lib.lib )
@ _f8mul ( c:\program files (x86)\renesas\hew\tools\renesas\nc30wa\v543r00\lib30\nc30lib.lib )
@ _f8toi4u ( c:\program files (x86)\renesas\hew\tools\renesas\nc30wa\v543r00\lib30\nc30lib.lib )
@ _ftol ( c:\program files (x86)\renesas\hew\tools\renesas\nc30wa\v543r00\lib30\nc30lib.lib )
@ _i4div ( c:\program files (x86)\renesas\hew\tools\renesas\nc30wa\v543r00\lib30\nc30lib.lib )
@ _i4divu ( c:\program files (x86)\renesas\hew\tools\renesas\nc30wa\v543r00\lib30\nc30lib.lib )
@ _i4modu ( c:\program files (x86)\renesas\hew\tools\renesas\nc30wa\v543r00\lib30\nc30lib.lib )
@ _i4mulu ( c:\program files (x86)\renesas\hew\tools\renesas\nc30wa\v543r00\lib30\nc30lib.lib )
@ _i4tof8 ( c:\program files (x86)\renesas\hew\tools\renesas\nc30wa\v543r00\lib30\nc30lib.lib )
@ _i4utof4 ( c:\program files (x86)\renesas\hew\tools\renesas\nc30wa\v543r00\lib30\nc30lib.lib )
@ _ltof ( c:\program files (x86)\renesas\hew\tools\renesas\nc30wa\v543r00\lib30\nc30lib.lib )
@ _mbase ( c:\program files (x86)\renesas\hew\tools\renesas\nc30wa\v543r00\lib30\nc30lib.lib )
@ bcopy ( c:\program files (x86)\renesas\hew\tools\renesas\nc30wa\v543r00\lib30\nc30lib.lib )
@ bzero ( c:\program files (x86)\renesas\hew\tools\renesas\nc30wa\v543r00\lib30\nc30lib.lib )
@ mdata ( c:\program files (x86)\renesas\hew\tools\renesas\nc30wa\v543r00\lib30\nc30lib.lib )
@ memcpy ( c:\program files (x86)\renesas\hew\tools\renesas\nc30wa\v543r00\lib30\nc30lib.lib )
@ memset ( c:\program files (x86)\renesas\hew\tools\renesas\nc30wa\v543r00\lib30\nc30lib.lib )
@ sprintf ( c:\program files (x86)\renesas\hew\tools\renesas\nc30wa\v543r00\lib30\nc30lib.lib )
@ strchr ( c:\program files (x86)\renesas\hew\tools\renesas\nc30wa\v543r00\lib30\nc30lib.lib )
@ strcmp ( c:\program files (x86)\renesas\hew\tools\renesas\nc30wa\v543r00\lib30\nc30lib.lib )
@ _strcpy ( c:\program files (x86)\renesas\hew\tools\renesas\nc30wa\v543r00\lib30\nc30lib.lib )
@ strlen ( c:\program files (x86)\renesas\hew\tools\renesas\nc30wa\v543r00\lib30\nc30lib.lib )
@ vsprintf ( c:\program files (x86)\renesas\hew\tools\renesas\nc30wa\v543r00\lib30\nc30lib.lib )
@ _f4muls ( c:\program files (x86)\renesas\hew\tools\renesas\nc30wa\v543r00\lib30\nc30lib.lib )
@ _f4rets ( c:\program files (x86)\renesas\hew\tools\renesas\nc30wa\v543r00\lib30\nc30lib.lib )
@ _f4ltor ( c:\program files (x86)\renesas\hew\tools\renesas\nc30wa\v543r00\lib30\nc30lib.lib )
@ _f4rtol ( c:\program files (x86)\renesas\hew\tools\renesas\nc30wa\v543r00\lib30\nc30lib.lib )
@ _f8rtol ( c:\program files (x86)\renesas\hew\tools\renesas\nc30wa\v543r00\lib30\nc30lib.lib )
@ print ( c:\program files (x86)\renesas\hew\tools\renesas\nc30wa\v543r00\lib30\nc30lib.lib )
@ _f8eq ( c:\program files (x86)\renesas\hew\tools\renesas\nc30wa\v543r00\lib30\nc30lib.lib )
@ _f8ge ( c:\program files (x86)\renesas\hew\tools\renesas\nc30wa\v543r00\lib30\nc30lib.lib )
@ _f8lt ( c:\program files (x86)\renesas\hew\tools\renesas\nc30wa\v543r00\lib30\nc30lib.lib )
@ _f8ne ( c:\program files (x86)\renesas\hew\tools\renesas\nc30wa\v543r00\lib30\nc30lib.lib )
@ _i8divu ( c:\program files (x86)\renesas\hew\tools\renesas\nc30wa\v543r00\lib30\nc30lib.lib )
@ _i8modu ( c:\program files (x86)\renesas\hew\tools\renesas\nc30wa\v543r00\lib30\nc30lib.lib )
@ cdata ( c:\program files (x86)\renesas\hew\tools\renesas\nc30wa\v543r00\lib30\nc30lib.lib )

*** Mapping List ***

SECTION                            START      END         SIZE   ALIGN

data_SE
                                  00000400  00000400         0   1
bss_SE
                                  00000400  00000400         0   2
data_SO
                                  00000400  00000400         0   1
bss_SO
                                  00000400  00000400         0   1
data_NE
                                  00000400  00000487        88   2
bss_NE
                                  00000488  000006cf       248   2
data_NO
                                  000006d0  00000c27       558   1
bss_NO
                                  00000c28  00000ec5       29e   1
stack
                                  00000ec6  000014c5       600   1
heap
                                  000014c6  000017c5       300   1
rom_NE
                                  000017c6  000017c6         0   2
rom_NO
                                  000017c6  000017c6         0   1
data_FE
                                  00010000  00010000         0   1
bss_FE
                                  00010000  00010000         0   2
data_FO
                                  00010000  00010000         0   1
bss_FO
                                  00010000  00010000         0   1
rom_FE
                                  000f0000  000f0087        88   1
rom_FO
                                  000f0088  000f06d1       64a   1
data_SEI
                                  000f06d2  000f06d2         0   1
data_SOI
                                  000f06d2  000f06d2         0   1
data_NEI
                                  000f06d2  000f0759        88   1
data_NOI
                                  000f075a  000f0cb1       558   1
data_FEI
                                  000f0cb2  000f0cb2         0   1
data_FOI
                                  000f0cb2  000f0cb2         0   1
switch_table
                                  000f0cb2  000f0cb2         0   1
program
                                  000f0cb2  000f7872      6bc1   1
interrupt
                                  000f7873  000f7985       113   1
program_S
                                  000f7986  000f7986         0   1
vector
                                  000ffd00  000ffdff       100   1
svector
                                  000ffe00  000ffe00         0   1
fvector
                                  000ffffc  000fffff         4   1

*** Symbol List ***

SECTION=
FILE=                               START        END    SIZE
  SYMBOL                            ADDR        SIZE    INFO      COUNTS  OPT

SECTION=data_SE
FILE=ncrt0_rsk
                                  00000400  00000400         0
  __SB__
                                  00000400         0   none ,g         0

SECTION=data_NE
FILE=C:/Users/Miguel/Documents/Renesas_Workspace/NG2S901_As2_ClimateControl/NG2S901_As2_ClimateControl/drivers/7seg/7segment
                                  00000400  00000421        22
  _bcd_table
                                  00000400        14   data ,g         0
  _bcd_table_hex
                                  00000414         e   data ,g         0

FILE=C:/Users/Miguel/Documents/Renesas_Workspace/NG2S901_As2_ClimateControl/NG2S901_As2_ClimateControl/drivers/glcd/GLCD
                                  00000422  00000433        12
  _Font_System3x6
                                  0000042e         6   data ,g         0
  _Font_System5x8
                                  00000422         6   data ,g         0
  _Font_System7x8
                                  00000428         6   data ,g         0

FILE=C:/Users/Miguel/Documents/Renesas_Workspace/NG2S901_As2_ClimateControl/NG2S901_As2_ClimateControl/drivers/keypad/keyscan_4x4
                                  00000434  00000445        12
  _keypad_matrix
                                  00000434        10   data ,g         0
  _hold_delay
                                  00000444         2   data ,g         0

FILE=C:/Users/Miguel/Documents/Renesas_Workspace/NG2S901_As2_ClimateControl/NG2S901_As2_ClimateControl/main
                                  00000446  00000447         2
  _potVal
                                  00000446         2   data ,g         0

FILE=C:/Users/Miguel/Documents/Renesas_Workspace/NG2S901_As2_ClimateControl/NG2S901_As2_ClimateControl/drivers/motor/motor
                                  00000448  0000044d         6
  _motor_rpm
                                  00000448         2   data ,g         0
  _motor_adjust_to_rpm
                                  0000044a         2   data ,g         0
  _ms_elapsed
                                  0000044c         2   data ,g         0

FILE=C:/Users/Miguel/Documents/Renesas_Workspace/NG2S901_As2_ClimateControl/NG2S901_As2_ClimateControl/bluetooth_control
                                  0000044e  00000451         4
  _i
                                  0000044e         2   data ,g         0
  _btooth_preload
                                  00000450         2   data ,g         0

FILE=C:/Users/Miguel/Documents/Renesas_Workspace/NG2S901_As2_ClimateControl/NG2S901_As2_ClimateControl/drivers/rtc/DS1307
                                  00000452  0000046d        1c
  _weekdays
                                  00000452        1c   data ,g         0

FILE=C:/Users/Miguel/Documents/Renesas_Workspace/NG2S901_As2_ClimateControl/NG2S901_As2_ClimateControl/extra
                                  0000046e  0000046f         2
  _potValue
                                  0000046e         2   data ,g         0

FILE=C:/Users/Miguel/Documents/Renesas_Workspace/NG2S901_As2_ClimateControl/NG2S901_As2_ClimateControl/drivers/i2c/i2c
                                  00000470  00000477         8
  _sched
                                  00000470         4   data ,g         0
  _sched_copy
                                  00000474         4   data ,g         0

FILE=mdata
                                  00000478  00000487        10
  __memt
                                  00000480         0   none ,g         0
  __pool
                                  00000478         0   none ,g         0

SECTION=bss_NE
FILE=C:/Users/Miguel/Documents/Renesas_Workspace/NG2S901_As2_ClimateControl/NG2S901_As2_ClimateControl/drivers/uart/uart
                                  00000488  0000048b         4
  _uart_cback_list
                                  00000488         4   data ,g         0

FILE=C:/Users/Miguel/Documents/Renesas_Workspace/NG2S901_As2_ClimateControl/NG2S901_As2_ClimateControl/drivers/adc/adc
                                  0000048c  0000048f         4
  _adc_cback
                                  0000048c         4   data ,g         0

FILE=C:/Users/Miguel/Documents/Renesas_Workspace/NG2S901_As2_ClimateControl/NG2S901_As2_ClimateControl/drivers/keypad/keyscan_4x4
                                  00000490  000004af        20
  _keypad_buff_cpy
                                  00000490        10   data ,g         0
  _keypad_string_buffer
                                  000004a0        10   data ,g         0

FILE=C:/Users/Miguel/Documents/Renesas_Workspace/NG2S901_As2_ClimateControl/NG2S901_As2_ClimateControl/main
                                  000004b0  000004b3         4
  _current_temp
                                  000004b0         2   data ,g         0
  _desired_temp
                                  000004b2         2   data ,g         0

FILE=C:/Users/Miguel/Documents/Renesas_Workspace/NG2S901_As2_ClimateControl/NG2S901_As2_ClimateControl/drivers/motor/motor_sound
                                  000004b4  000004b7         4
  _oldreg_dir
                                  000004b4         2   data ,g         0
  _oldreg
                                  000004b6         2   data ,g         0

FILE=C:/Users/Miguel/Documents/Renesas_Workspace/NG2S901_As2_ClimateControl/NG2S901_As2_ClimateControl/drivers/timer/timer
                                  000004b8  000004d7        20
  _timer_cback_list
                                  000004b8        20   data ,g         0

FILE=C:/Users/Miguel/Documents/Renesas_Workspace/NG2S901_As2_ClimateControl/NG2S901_As2_ClimateControl/bluetooth_control
                                  000004d8  000004f7        20
  _uart_cmd_schedule_data
                                  000004d8        10   data ,g         0
  _rx_buff
                                  000004e8        10   data ,g         0

FILE=C:/Users/Miguel/Documents/Renesas_Workspace/NG2S901_As2_ClimateControl/NG2S901_As2_ClimateControl/extra
                                  000004f8  00000587        90
  _player
                                  000004f8         8   data ,g         0
  _ball
                                  00000500         8   data ,g         0
  _blocks
                                  00000508        80   data ,g         0

FILE=C:/Users/Miguel/Documents/Renesas_Workspace/NG2S901_As2_ClimateControl/NG2S901_As2_ClimateControl/drivers/i2c/i2c
                                  00000588  000005a7        20
  _i2c_read_buffer
                                  00000588        20   data ,g         0

FILE=C:/Users/Miguel/Documents/Renesas_Workspace/NG2S901_As2_ClimateControl/NG2S901_As2_ClimateControl/drivers/isr/ISR_DEFs
                                  000005a8  000005b3         c
  _isr_callbacks
                                  000005a8         c   data ,g         0

FILE=_mbase
                                  000005b4  000005b7         4
  __mbase
                                  000005b4         0   none ,g         0

FILE=mdata
                                  000005b8  000005bf         8
  __mnext
                                  000005b8         0   none ,g         0
  __msize
                                  000005bc         0   none ,g         0

SECTION=data_NO
FILE=C:/Users/Miguel/Documents/Renesas_Workspace/NG2S901_As2_ClimateControl/NG2S901_As2_ClimateControl/drivers/glcd/FONT
                                  000006d0  00000c1e       54f
  _FontSystem3x6
                                  000006d0        c3   data ,g         0
  _FontSystem5x8
                                  00000793       1e5   data ,g         0
  _FontSystem7x8
                                  00000978       2a7   data ,g         0

FILE=C:/Users/Miguel/Documents/Renesas_Workspace/NG2S901_As2_ClimateControl/NG2S901_As2_ClimateControl/drivers/keypad/keyscan_4x4
                                  00000c1f  00000c1f         1
  _ctr
                                  00000c1f         1   data ,g         0

FILE=C:/Users/Miguel/Documents/Renesas_Workspace/NG2S901_As2_ClimateControl/NG2S901_As2_ClimateControl/main
                                  00000c20  00000c20         1
  _managing_climate
                                  00000c20         1   data ,g         0

FILE=C:/Users/Miguel/Documents/Renesas_Workspace/NG2S901_As2_ClimateControl/NG2S901_As2_ClimateControl/drivers/motor/motor
                                  00000c21  00000c22         2
  _spinning_direction
                                  00000c21         1   data ,g         0
  _encoder_oneshot
                                  00000c22         1   data ,g         0

FILE=C:/Users/Miguel/Documents/Renesas_Workspace/NG2S901_As2_ClimateControl/NG2S901_As2_ClimateControl/drivers/rtc/DS1307
                                  00000c23  00000c23         1
  _old_tick
                                  00000c23         1   data ,g         0

FILE=C:/Users/Miguel/Documents/Renesas_Workspace/NG2S901_As2_ClimateControl/NG2S901_As2_ClimateControl/extra
                                  00000c24  00000c24         1
  _enable_extra
                                  00000c24         1   data ,g         0

FILE=C:/Users/Miguel/Documents/Renesas_Workspace/NG2S901_As2_ClimateControl/NG2S901_As2_ClimateControl/drivers/i2c/i2c
                                  00000c25  00000c26         2
  _i2c_busy
                                  00000c25         1   data ,g         0
  _i2c_is_inititialized
                                  00000c26         1   data ,g         0

FILE=C:/Users/Miguel/Documents/Renesas_Workspace/NG2S901_As2_ClimateControl/NG2S901_As2_ClimateControl/drivers/isr/ISR_DEFs
                                  00000c27  00000c27         1
  _priority_counter
                                  00000c27         1   data ,g         0

SECTION=bss_NO
FILE=ncrt0_rsk
                                  00000c28  00000c28         0
  _u8CursorX
                                  00000c28         1   data ,g         0

FILE=C:/Users/Miguel/Documents/Renesas_Workspace/NG2S901_As2_ClimateControl/NG2S901_As2_ClimateControl/drivers/glcd/GLCD
                                  00000c28  00000c29         2
  _u8CursorY
                                  00000c29         1   data ,g         0

FILE=C:/Users/Miguel/Documents/Renesas_Workspace/NG2S901_As2_ClimateControl/NG2S901_As2_ClimateControl/drivers/keypad/keyscan_4x4
                                  00000c2a  00000c3e        15
  _keypad
                                  00000c2a        15   data ,g         0

FILE=C:/Users/Miguel/Documents/Renesas_Workspace/NG2S901_As2_ClimateControl/NG2S901_As2_ClimateControl/main
                                  00000c3f  00000c48         a
  _pincode
                                  00000c3f         5   data ,g         0
  _pinBuffer
                                  00000c44         5   data ,g         0

FILE=C:/Users/Miguel/Documents/Renesas_Workspace/NG2S901_As2_ClimateControl/NG2S901_As2_ClimateControl/drivers/thermistor/thermistor
                                  00000c49  00000c49         1
  _current_thermistor
                                  00000c49         1   data ,g         0

SECTION=rom_FE
FILE=C:/Users/Miguel/Documents/Renesas_Workspace/NG2S901_As2_ClimateControl/NG2S901_As2_ClimateControl/drivers/thermistor/thermistor
                                  000f0000  000f0087        88
  _temp_lookup
                                  000f0000        88   data ,g         0

SECTION=rom_FO
FILE=cdata
                                  000f05d1  000f06d1       101
  __ctype
                                  000f05d1         0   none ,g         0

SECTION=program
FILE=C:/Users/Miguel/Documents/Renesas_Workspace/NG2S901_As2_ClimateControl/NG2S901_As2_ClimateControl/drivers/uart/uart
                                  000f0cb2  000f0e84       1d3
  _delay
                                  000f0cb2        19   func ,g         0
  _uart_init
                                  000f0ccc        6c   func ,g         0
  _uart_deinit
                                  000f0d38        61   func ,g         0
  $uart_write
                                  000f0d98        13   func ,g         0
  _uart_writestr
                                  000f0dac        29   func ,g         0
  $uart_writebuff
                                  000f0dd4        26   func ,g         0
  _uart_read
                                  000f0dfa        25   func ,g         0
  _uart_read_async
                                  000f0e20        2b   func ,g         0
  _uart_install_cback
                                  000f0e4a         f   func ,g         0
  _uart_uninstall_cback
                                  000f0e5a         a   func ,g         0

FILE=C:/Users/Miguel/Documents/Renesas_Workspace/NG2S901_As2_ClimateControl/NG2S901_As2_ClimateControl/drivers/7seg/7segment
                                  000f0e86  000f0f83        fe
  _init_7seg
                                  000f0e86        18   func ,g         0
  $bin_2_bcd
                                  000f0e9e        2b   func ,g         0
  $bcd_to_7seg
                                  000f0eca        37   func ,g         0
  $seg_update
                                  000f0f00        77   func ,g         0

FILE=C:/Users/Miguel/Documents/Renesas_Workspace/NG2S901_As2_ClimateControl/NG2S901_As2_ClimateControl/drivers/adc/adc
                                  000f0f84  000f1084       101
  _adc_init_easy
                                  000f0f84        37   func ,g         0
  _adc_init
                                  000f0fbc        77   func ,g         0
  _adc_deinit
                                  000f1032        11   func ,g         0
  $adc_read
                                  000f1044        2d   func ,g         0
  _ADC_Interrupt
                                  000f1070        15   func ,g         0

FILE=C:/Users/Miguel/Documents/Renesas_Workspace/NG2S901_As2_ClimateControl/NG2S901_As2_ClimateControl/drivers/glcd/GLCD
                                  000f1086  000f1856       7d1
  _LcdDelay
                                  000f1086        21   func ,g         0
  _GLCD_Initialise
                                  000f10a8        88   func ,g         0
  $LcdSelectSide
                                  000f1130        41   func ,g         0
  $LcdDataWrite
                                  000f1170        2d   func ,g         0
  $LcdInstructionWrite
                                  000f119e        2e   func ,g         0
  _LcdDataRead
                                  000f11cc        33   func ,g         0
  _LcdWaitBusy
                                  000f11fe        2c   func ,g         0
  _GLCD_ClearScreen
                                  000f122a        53   func ,g         0
  _GLCD_DisplayPicture
                                  000f127e        8f   func ,g         0
  $LcdSetDot
                                  000f130c        db   func ,g         0
  $GLCD_WriteChar
                                  000f13e8       1c6   func ,g         0
  _GLCD_WriteString
                                  000f15ae        2e   func ,g         0
  $GLCD_GoTo
                                  000f15dc        43   func ,g         0
  _GLCD_DisplayValue
                                  000f161e        84   func ,g         0
  $GLCD_Rectangle
                                  000f16a2        6e   func ,g         0
  $GLCD_Circle
                                  000f1710       112   func ,g         0
  _GLCD_getXY
                                  000f1822        35   func ,g         0

FILE=C:/Users/Miguel/Documents/Renesas_Workspace/NG2S901_As2_ClimateControl/NG2S901_As2_ClimateControl/drivers/init/hwsetup
                                  000f1858  000f193a        e3
  _Initialise
                                  000f1858        e3   func ,g         0

FILE=C:/Users/Miguel/Documents/Renesas_Workspace/NG2S901_As2_ClimateControl/NG2S901_As2_ClimateControl/drivers/keypad/keyscan_4x4
                                  000f193c  000f1b7c       241
  _keyscan_4x4_init
                                  000f193c        41   func ,g         0
  _keypad_4x4_flush
                                  000f197e        1f   func ,g         0
  _keypad_delay
                                  000f199c        15   func ,g         0
  _keyscan_4x4_clear
                                  000f19b2        1b   func ,g         0
  _keypad_4x4_scan
                                  000f19cc        99   func ,g         0
  _Timer_A0
                                  000f1a66        2f   func ,g         0
  _KYB
                                  000f1a94        23   func ,g         0
  _keypad_4x4_read_buffer
                                  000f1ab8        4d   func ,g         0
  _getcommand
                                  000f1b04         a   func ,g         0
  _keypad_4x4_iskeypress
                                  000f1b0e         4   func ,g         0
  _keypad_4x4_wait
                                  000f1b12        11   func ,g         0
  _keypad_4x4_wait_async
                                  000f1b24         5   func ,g         0
  _read_key
                                  000f1b28        11   func ,g         0

FILE=C:/Users/Miguel/Documents/Renesas_Workspace/NG2S901_As2_ClimateControl/NG2S901_As2_ClimateControl/main
                                  000f1b7e  000f2756       bd9
  _get_temperature
                                  000f1b7e         5   func ,g         0
  _get_desired_temperature
                                  000f1b84         6   func ,g         0
  $set_temperature
                                  000f1b8a        1a   func ,g         0
  $set_temperature_method
                                  000f1ba4        15   func ,g         0
  _set_new_pincode
                                  000f1bb8        33   func ,g         0
  _load_pincode
                                  000f1bec        34   func ,g         0
  _read_pin
                                  000f1c20        67   func ,g         0
  _authenticate
                                  000f1c86        26   func ,g         0
  $validate_authentication
                                  000f1cac        94   func ,g         0
  _pot_cback
                                  000f1d40         f   func ,g         0
  _change_temperature_menu
                                  000f1d50       168   func ,g         0
  _set_time_menu
                                  000f1eb8       291   func ,g         0
  _change_pincode_menu
                                  000f2148        e5   func ,g         0
  _change_thermistor_type_menu
                                  000f222e        57   func ,g         0
  _settings_menu
                                  000f2284        9a   func ,g         0
  _climate_control
                                  000f231e       252   func ,g         0
  _request_pincode_menu
                                  000f2570        7b   func ,g         0
  _intro
                                  000f25ec        ab   func ,g         0
  $check_i2c
                                  000f2696        4b   func ,g         0

FILE=C:/Users/Miguel/Documents/Renesas_Workspace/NG2S901_As2_ClimateControl/NG2S901_As2_ClimateControl/drivers/motor/motor
                                  000f2758  000f2a11       2ba
  $motor_update_pwm
                                  000f2758        4f   func ,g         0
  $motor_update_rpm
                                  000f27a8        85   func ,g         0
  _encoder_trigger
                                  000f282c        2d   func ,g         0
  _motor_cback
                                  000f285a        62   func ,g         0
  _encoder_init
                                  000f28bc        65   func ,g         0
  _init_motor
                                  000f2920        82   func ,g         0
  _deinit_motor
                                  000f29a2        22   func ,g         0
  _motor_stop
                                  000f29c4         f   func ,g         0
  $motor_spin
                                  000f29d4        35   func ,g         0
  _motor_read_rpm
                                  000f2a08         5   func ,g         0

FILE=C:/Users/Miguel/Documents/Renesas_Workspace/NG2S901_As2_ClimateControl/NG2S901_As2_ClimateControl/drivers/motor/motor_sound
                                  000f2a12  000f2b66       155
  $motor_tone_us
                                  000f2a12        77   func ,g         0
  $motor_tone
                                  000f2a8a        7a   func ,g         0
  _init_motor_sound
                                  000f2b04        3a   func ,g         0

FILE=C:/Users/Miguel/Documents/Renesas_Workspace/NG2S901_As2_ClimateControl/NG2S901_As2_ClimateControl/print
                                  000f2b68  000f2cff       198
  _printf
                                  000f2b68        5e   func ,g         0
  _printf_at
                                  000f2bc6        92   func ,g         0
  _printf_at_rl
                                  000f2c58        a8   func ,g         0

FILE=C:/Users/Miguel/Documents/Renesas_Workspace/NG2S901_As2_ClimateControl/NG2S901_As2_ClimateControl/drivers/thermistor/thermistor
                                  000f2d00  000f2daf        b0
  _thermistor_init
                                  000f2d00        2d   func ,g         0
  _thermistor_deinit
                                  000f2d2e         a   func ,g         0
  $thermistor_toggle
                                  000f2d38        4a   func ,g         0
  _thermistor_read
                                  000f2d82        2b   func ,g         0
  _thermistor_type
                                  000f2dac         4   func ,g         0

FILE=C:/Users/Miguel/Documents/Renesas_Workspace/NG2S901_As2_ClimateControl/NG2S901_As2_ClimateControl/drivers/timer/timer
                                  000f2db0  000f3139       38a
  _Timer_A1
                                  000f2db0        15   func ,g         0
  _Timer_A2
                                  000f2dc6        16   func ,g         0
  _Timer_A3
                                  000f2ddc        16   func ,g         0
  _Timer_A4
                                  000f2df2        16   func ,g         0
  _Timer_B0
                                  000f2e08        16   func ,g         0
  _Timer_B1
                                  000f2e1e        16   func ,g         0
  _Timer_B2
                                  000f2e34        16   func ,g         0
  _timer_init
                                  000f2e4a       207   func ,g         0
  $timer_deinit
                                  000f3050        ab   func ,g         0
  _timer_deinit_all
                                  000f30fc        17   func ,g         0
  _timer_install_cback
                                  000f3112        13   func ,g         0

FILE=C:/Users/Miguel/Documents/Renesas_Workspace/NG2S901_As2_ClimateControl/NG2S901_As2_ClimateControl/bluetooth_control
                                  000f313a  000f3416       2dd
  $btooth_exec_cmd
                                  000f313a        7e   func ,g         0
  _uart_cmd_schedule_cback
                                  000f31b8        32   func ,g         0
  $uart_receive_str
                                  000f31ea        96   func ,g         0
  $uart_receive
                                  000f3280        50   func ,g         0
  _bluetooth_control_worker
                                  000f32d0        5c   func ,g         0
  _bluetooth_control_init
                                  000f332c        39   func ,g         0

FILE=C:/Users/Miguel/Documents/Renesas_Workspace/NG2S901_As2_ClimateControl/NG2S901_As2_ClimateControl/drivers/rtc/DS1307
                                  000f3418  000f3d42       92b
  $dec2bcd
                                  000f3418        2b   func ,g         0
  $bcd2dec
                                  000f3444        25   func ,g         0
  _rtc_bcd_to_dec
                                  000f3468       11b   func ,g         0
  $rtc_write
                                  000f3584        24   func ,g         0
  $rtc_selreg
                                  000f35a8        15   func ,g         0
  _update_clock
                                  000f35bc        8c   func ,g         0
  _update_new_clock
                                  000f3648        59   func ,g         0
  _init_rtc
                                  000f36a2        12   func ,g         0
  _deinit_rtc
                                  000f36b4         2   func ,g         0
  _rtc_is12H
                                  000f36b6        11   func ,g         0
  _rtc_isPM
                                  000f36c6        25   func ,g         0
  _rtc_set24H
                                  000f36ec         c   func ,g         0
  _rtc_setAM
                                  000f36f8         f   func ,g         0
  _rtc_setPM
                                  000f3706         b   func ,g         0
  $rtc_switch_mode
                                  000f3712        73   func ,g         0
  _read_clock
                                  000f3784        11   func ,g         0
  _rtc_get_seconds
                                  000f3796        11   func ,g         0
  _rtc_get_minutes
                                  000f37a6         b   func ,g         0
  _rtc_get_hours
                                  000f37b2        24   func ,g         0
  _rtc_get_weekday
                                  000f37d6         c   func ,g         0
  _rtc_get_monthday
                                  000f37e2         c   func ,g         0
  _rtc_get_month
                                  000f37ee         c   func ,g         0
  _rtc_get_year
                                  000f37fa        6f   func ,g         0
  _rtc_set_clock
                                  000f3868       1cd   func ,g         0
  $rtc_set_seconds
                                  000f3a36        29   func ,g         0
  $rtc_set_minutes
                                  000f3a5e        19   func ,g         0
  $rtc_set_hours
                                  000f3a78        53   func ,g         0
  $rtc_set_weekday
                                  000f3aca        1e   func ,g         0
  $rtc_set_monthday
                                  000f3ae8        1e   func ,g         0
  $rtc_set_month
                                  000f3b06        1e   func ,g         0
  $rtc_set_year
                                  000f3b24        87   func ,g         0
  _rtc_stop
                                  000f3bac        17   func ,g         0
  _rtc_is_stopped
                                  000f3bc2        1b   func ,g         0
  _rtc_start
                                  000f3bde        2e   func ,g         0
  _rtc_reset
                                  000f3c0c        1c   func ,g         0
  _rtc_has_ticked
                                  000f3c28        14   func ,g         0

FILE=C:/Users/Miguel/Documents/Renesas_Workspace/NG2S901_As2_ClimateControl/NG2S901_As2_ClimateControl/drivers/thermistor/DS1621
                                  000f3d44  000f3e76       133
  $i2c_thermistor_send_cmd
                                  000f3d44        14   func ,g         0
  $i2c_thermistor_send_cmd_byte
                                  000f3d58        23   func ,g         0
  $i2c_thermistor_send_cmd_word
                                  000f3d7c        39   func ,g         0
  $i2c_thermistor_read
                                  000f3db4        14   func ,g         0
  $i2c_thermistor_read_word
                                  000f3dc8        35   func ,g         0
  $i2c_thermistor_start
                                  000f3dfe        31   func ,g         0
  _i2c_thermistor_stop
                                  000f3e2e         7   func ,g         0
  _i2c_thermistor_init
                                  000f3e36         f   func ,g         0
  _i2c_thermistor_deinit
                                  000f3e44         4   func ,g         0
  _i2c_thermistor_is_alarm
                                  000f3e48         a   func ,g         0
  $i2c_thermistor_set_usertemp
                                  000f3e52        1d   func ,g         0

FILE=C:/Users/Miguel/Documents/Renesas_Workspace/NG2S901_As2_ClimateControl/NG2S901_As2_ClimateControl/extra
                                  000f3e78  000f3ff3       17c
  _render
                                  000f3e78         c   func ,g         0
  _update
                                  000f3e84         1   func ,g         0
  _handle_input
                                  000f3e86         c   func ,g         0
  _init_entities
                                  000f3e92        d4   func ,g         0
  _main_loop
                                  000f3f66        15   func ,g         0
  _potentiometer_cback
                                  000f3f7a         f   func ,g         0
  _extra_deinit
                                  000f3f8a         e   func ,g         0
  _extra_init
                                  000f3f98        51   func ,g         0
  _extra_cback
                                  000f3fe8         c   func ,g         0

FILE=C:/Users/Miguel/Documents/Renesas_Workspace/NG2S901_As2_ClimateControl/NG2S901_As2_ClimateControl/drivers/i2c/i2c
                                  000f3ff4  000f43a3       3b0
  _i2c_set_schedule
                                  000f3ff4         f   func ,g         0
  _i2c_is_scheduled
                                  000f4004        21   func ,g         0
  _i2c_is_busy
                                  000f4024         4   func ,g         0
  _i2c_delay
                                  000f4028        14   func ,g         0
  _i2c_init
                                  000f403c        36   func ,g         0
  _i2c_deinit
                                  000f4072         d   func ,g         0
  _i2c_start
                                  000f4080        1b   func ,g         0
  _i2c_restart
                                  000f409a        1a   func ,g         0
  _i2c_stop
                                  000f40b4        45   func ,g         0
  _i2c_flush_tx
                                  000f40fa        12   func ,g         0
  _i2c_enable_rx
                                  000f410c         9   func ,g         0
  _i2c_disable_rx
                                  000f4114         5   func ,g         0
  _i2c_enable_tx
                                  000f411a        14   func ,g         0
  _i2c_disable_tx
                                  000f412e         6   func ,g         0
  _i2c_wait_n_ack
                                  000f4134         e   func ,g         0
  _i2c_is_nack
                                  000f4142         b   func ,g         0
  $i2c_set_ack
                                  000f414c         e   func ,g         0
  $i2c_transmit
                                  000f415a        19   func ,g         0
  $i2c_send
                                  000f4174        27   func ,g         0
  $i2c_send_str
                                  000f419a        3b   func ,g         0
  $i2c_read
                                  000f41d6        40   func ,g         0
  $i2c_read_buff
                                  000f4216        8b   func ,g         0
  $i2c_send_and_read
                                  000f42a0        50   func ,g         0
  $i2c_send_and_read_str
                                  000f42f0        8c   func ,g         0
  $i2c_ping_slave
                                  000f437c        28   func ,g         0

FILE=C:/Users/Miguel/Documents/Renesas_Workspace/NG2S901_As2_ClimateControl/NG2S901_As2_ClimateControl/drivers/isr/ISR_DEFs
                                  000f43a4  000f44b6       113
  _uninstall_all_cback
                                  000f43a4        1c   func ,g         0
  _init_isr
                                  000f43c0         4   func ,g         0
  $set_isr_priority
                                  000f43c4        66   func ,g         0
  _install_cback
                                  000f442a        25   func ,g         0
  $uninstall_cback
                                  000f4450        27   func ,g         0
  _INT0
                                  000f4476        15   func ,g         0
  _INT1
                                  000f448c        16   func ,g         0

FILE=C:/Users/Miguel/Documents/Renesas_Workspace/NG2S901_As2_ClimateControl/NG2S901_As2_ClimateControl/drivers/eeprom/M24C04
                                  000f44b8  000f4583        cc
  _eeprom_enable_write
                                  000f44b8         5   func ,g         0
  _eeprom_disable_write
                                  000f44be         6   func ,g         0
  _eeprom_init
                                  000f44c4         a   func ,g         0
  _eeprom_deinit
                                  000f44ce         5   func ,g         0
  $eeprom_write
                                  000f44d2        29   func ,g         0
  $eeprom_write_buff
                                  000f44fc        2d   func ,g         0
  $eeprom_read
                                  000f4528        14   func ,g         0
  $eeprom_read_buff
                                  000f453c        48   func ,g         0

FILE=_f4tof8
                                  000f4584  000f4609        86
  __f4tof8
                                  000f4584        86   func ,g         0

FILE=_f4toi4u
                                  000f460a  000f462e        25
  __f4toi4U
                                  000f460a        25   func ,g         0

FILE=_f8add
                                  000f4630  000f4f4a       91b
  __f8add
                                  000f4630       6dd   func ,g         0

FILE=_f8ltor
                                  000f4f4c  000f4f9f        54
  $_f8ltor
                                  000f4f4c        54   func ,g         0

FILE=_f8mul
                                  000f4fa0  000f5266       2c7
  __f8mul
                                  000f4fa0       2c7   func ,g         0

FILE=_f8toi4u
                                  000f5268  000f528c        25
  __f8toi4U
                                  000f5268        25   func ,g         0

FILE=_ftol
                                  000f528e  000f539e       111
  $_ftol
                                  000f528e       111   func ,g         0

FILE=_i4div
                                  000f53a0  000f5422        83
  __i4div
                                  000f53a0        83   func ,g         0

FILE=_i4divu
                                  000f5424  000f5470        4d
  __i4divU
                                  000f5424        4d   func ,g         0

FILE=_i4modu
                                  000f5472  000f54bc        4b
  __i4modU
                                  000f5472        4b   func ,g         0

FILE=_i4mulu
                                  000f54be  000f54d9        1c
  __i4mulU
                                  000f54be        1c   func ,g         0

FILE=_i4tof8
                                  000f54da  000f54fb        22
  __i4tof8
                                  000f54da        22   func ,g         0

FILE=_i4utof4
                                  000f54fc  000f551d        22
  __i4Utof4
                                  000f54fc        22   func ,g         0

FILE=_ltof
                                  000f551e  000f55f1        d4
  $_ltof
                                  000f551e        d4   func ,g         0

FILE=bcopy
                                  000f55f2  000f5626        35
  _bcopy
                                  000f55f2        35   func ,g         0

FILE=bzero
                                  000f5628  000f564f        28
  _bzero
                                  000f5628        28   func ,g         0

FILE=memcpy
                                  000f5650  000f569e        4f
  _memcpy
                                  000f5650        4f   func ,g         0

FILE=memset
                                  000f56a0  000f56e0        41
  $memset
                                  000f56a0        41   func ,g         0

FILE=sprintf
                                  000f56e2  000f57b4        d3
  _sprintf
                                  000f56e2        bc   func ,g         0

FILE=strchr
                                  000f57b6  000f57ea        35
  $strchr
                                  000f57b6        35   func ,g         0

FILE=strcmp
                                  000f57ec  000f5820        35
  _strcmp
                                  000f57ec        35   func ,g         0

FILE=_strcpy
                                  000f5822  000f585d        3c
  _strcpy
                                  000f5822         0   func ,g         0

FILE=strlen
                                  000f585e  000f5888        2b
  _strlen
                                  000f585e        2b   func ,g         0

FILE=vsprintf
                                  000f588a  000f5940        b7
  _vsprintf
                                  000f588a        9f   func ,g         0

FILE=_f4muls
                                  000f5942  000f59f1        b0
  __f4mul
                                  000f5966         0   func ,g         0

FILE=_f4rets
                                  000f59f2  000f5a23        32
  __f4retInf
                                  000f59fc         0   none ,g         0
  __f4retNaN
                                  000f59f2         0   none ,g         0
  __f4retNum
                                  000f5a0c         0   none ,g         0
  __f4retZero
                                  000f59f8         0   none ,g         0

FILE=_f4ltor
                                  000f5a24  000f5a69        46
  $_f4ltor
                                  000f5a24        46   func ,g         0

FILE=_f4rtol
                                  000f5a6a  000f5aa7        3e
  $_f4rtol
                                  000f5a6a        3e   func ,g         0

FILE=_f8rtol
                                  000f5aa8  000f5ae8        41
  $_f8rtol
                                  000f5aa8        41   func ,g         0

FILE=print
                                  000f5aea  000f7462      1979
  __print
                                  000f5aea       f53   func ,g         0
  __f8prn
                                  000f6a3e       556   func ,g         0
  $henkan1
                                  000f6f94        42   func ,g         0
  $henkan2
                                  000f6fd6        55   func ,g         0
  __pri
                                  000f702a       10e   func ,g         0
  $_f8geti
                                  000f7138       20f   func ,g         0

FILE=_f8eq
                                  000f7464  000f74df        7c
  __f8eq
                                  000f7464        7c   func ,g         0

FILE=_f8ge
                                  000f74e0  000f7586        a7
  __f8ge
                                  000f74e0        a7   func ,g         0

FILE=_f8lt
                                  000f7588  000f762e        a7
  __f8lt
                                  000f7588        a7   func ,g         0

FILE=_f8ne
                                  000f7630  000f76ab        7c
  __f8ne
                                  000f7630        7c   func ,g         0

FILE=_i8divu
                                  000f76ac  000f77a3        f8
  __i8divU
                                  000f76ac        f8   func ,g         0

FILE=_i8modu
                                  000f77a4  000f7872        cf
  __i8modU
                                  000f77a4        cf   func ,g         0

SECTION=interrupt
FILE=ncrt0_rsk
                                  000f7873  000f7985       113
  $exit
                                  000f7983         0   none ,g         0
  _exit
                                  000f7983         0   none ,g         0
  dummy_int
                                  000f7985         0   none ,g         0

